INFO - 2024-04-18 02:17:49 --> Session: Class initialized using 'CodeIgniter\Session\Handlers\FileHandler' driver.
INFO - 2024-04-18 02:17:49 --> Session: Class initialized using 'CodeIgniter\Session\Handlers\FileHandler' driver.
INFO - 2024-04-18 02:17:56 --> Session: Class initialized using 'CodeIgniter\Session\Handlers\FileHandler' driver.
INFO - 2024-04-18 02:17:56 --> Session: Class initialized using 'CodeIgniter\Session\Handlers\FileHandler' driver.
INFO - 2024-04-18 02:18:29 --> Session: Class initialized using 'CodeIgniter\Session\Handlers\FileHandler' driver.
INFO - 2024-04-18 02:18:32 --> Session: Class initialized using 'CodeIgniter\Session\Handlers\FileHandler' driver.
INFO - 2024-04-18 02:18:35 --> Session: Class initialized using 'CodeIgniter\Session\Handlers\FileHandler' driver.
INFO - 2024-04-18 02:18:46 --> Session: Class initialized using 'CodeIgniter\Session\Handlers\FileHandler' driver.
INFO - 2024-04-18 02:18:46 --> Session: Class initialized using 'CodeIgniter\Session\Handlers\FileHandler' driver.
INFO - 2024-04-18 02:19:00 --> Session: Class initialized using 'CodeIgniter\Session\Handlers\FileHandler' driver.
INFO - 2024-04-18 02:19:04 --> Session: Class initialized using 'CodeIgniter\Session\Handlers\FileHandler' driver.
INFO - 2024-04-18 02:19:07 --> Session: Class initialized using 'CodeIgniter\Session\Handlers\FileHandler' driver.
INFO - 2024-04-18 02:19:37 --> Session: Class initialized using 'CodeIgniter\Session\Handlers\FileHandler' driver.
INFO - 2024-04-18 02:19:41 --> Session: Class initialized using 'CodeIgniter\Session\Handlers\FileHandler' driver.
INFO - 2024-04-18 02:19:51 --> Session: Class initialized using 'CodeIgniter\Session\Handlers\FileHandler' driver.
INFO - 2024-04-18 02:20:02 --> Session: Class initialized using 'CodeIgniter\Session\Handlers\FileHandler' driver.
INFO - 2024-04-18 02:20:02 --> Session: Class initialized using 'CodeIgniter\Session\Handlers\FileHandler' driver.
INFO - 2024-04-18 02:20:06 --> Session: Class initialized using 'CodeIgniter\Session\Handlers\FileHandler' driver.
INFO - 2024-04-18 02:20:41 --> Session: Class initialized using 'CodeIgniter\Session\Handlers\FileHandler' driver.
INFO - 2024-04-18 02:27:00 --> Session: Class initialized using 'CodeIgniter\Session\Handlers\FileHandler' driver.
CRITICAL - 2024-04-18 02:27:00 --> Undefined index: ahu
in APPPATH\Views\AtRest\datappoj.php on line 62.
 1 APPPATH\Views\AtRest\datappoj.php(62): CodeIgniter\Debug\Exceptions->errorHandler(8, 'Undefined index: ahu', 'D:\\xampp\\htdocs\\app\\app\\Views\\AtRest\\datappoj.php', 62, [...])
 2 SYSTEMPATH\View\View.php(224): include('D:\\xampp\\htdocs\\app\\app\\Views\\AtRest\\datappoj.php')
 3 SYSTEMPATH\View\View.php(227): CodeIgniter\View\View->CodeIgniter\View\{closure}()
 4 SYSTEMPATH\Common.php(1180): CodeIgniter\View\View->render('AtRest/datappoj', [], true)
 5 APPPATH\Controllers\DataPpoj.php(22): view('AtRest/datappoj', [...])
 6 SYSTEMPATH\CodeIgniter.php(932): App\Controllers\DataPpoj->index()
 7 SYSTEMPATH\CodeIgniter.php(497): CodeIgniter\CodeIgniter->runController(Object(App\Controllers\DataPpoj))
 8 SYSTEMPATH\CodeIgniter.php(366): CodeIgniter\CodeIgniter->handleRequest(null, Object(Config\Cache), false)
 9 FCPATH\index.php(79): CodeIgniter\CodeIgniter->run()
10 SYSTEMPATH\Commands\Server\rewrite.php(47): require_once('D:\\xampp\\htdocs\\app\\public\\index.php')
INFO - 2024-04-18 02:38:47 --> Session: Class initialized using 'CodeIgniter\Session\Handlers\FileHandler' driver.
INFO - 2024-04-18 02:39:04 --> Session: Class initialized using 'CodeIgniter\Session\Handlers\FileHandler' driver.
INFO - 2024-04-18 02:39:04 --> Session: Class initialized using 'CodeIgniter\Session\Handlers\FileHandler' driver.
INFO - 2024-04-18 02:39:08 --> Session: Class initialized using 'CodeIgniter\Session\Handlers\FileHandler' driver.
INFO - 2024-04-18 02:43:34 --> Session: Class initialized using 'CodeIgniter\Session\Handlers\FileHandler' driver.
INFO - 2024-04-18 09:17:47 --> Session: Class initialized using 'CodeIgniter\Session\Handlers\FileHandler' driver.
INFO - 2024-04-18 09:17:47 --> Session: Class initialized using 'CodeIgniter\Session\Handlers\FileHandler' driver.
CRITICAL - 2024-04-18 09:24:03 --> The PHP GD extension is required, but is not installed.
in VENDORPATH\dompdf\dompdf\lib\Cpdf.php on line 5813.
 1 VENDORPATH\dompdf\dompdf\src\Adapter\CPDF.php(669): Dompdf\Cpdf->addPngFromFile('C:\\Users\\pwryuwan\\AppData\\Local\\Temp\\ca_87AF.tmp', 122.25, 694.2342519685039, 150.0, 60.0)
 2 VENDORPATH\dompdf\dompdf\src\Renderer\Image.php(65): Dompdf\Adapter\CPDF->image('C:\\Users\\pwryuwan\\AppData\\Local\\Temp\\ca_87AF.tmp', 122.25, 37.76574803149606, 150.0, 60.0, 'normal')
 3 VENDORPATH\dompdf\dompdf\src\Renderer.php(289): Dompdf\Renderer\Image->render(Object(Dompdf\FrameDecorator\Image))
 4 VENDORPATH\dompdf\dompdf\src\Renderer.php(128): Dompdf\Renderer->_render_frame('image', Object(Dompdf\FrameDecorator\Image))
 5 VENDORPATH\dompdf\dompdf\src\Renderer.php(195): Dompdf\Renderer->render(Object(Dompdf\FrameDecorator\Image))
 6 VENDORPATH\dompdf\dompdf\src\Renderer.php(195): Dompdf\Renderer->render(Object(Dompdf\FrameDecorator\TableCell))
 7 VENDORPATH\dompdf\dompdf\src\Renderer.php(195): Dompdf\Renderer->render(Object(Dompdf\FrameDecorator\TableRow))
 8 VENDORPATH\dompdf\dompdf\src\Renderer.php(195): Dompdf\Renderer->render(Object(Dompdf\FrameDecorator\TableRowGroup))
 9 VENDORPATH\dompdf\dompdf\src\Renderer.php(195): Dompdf\Renderer->render(Object(Dompdf\FrameDecorator\Table))
10 VENDORPATH\dompdf\dompdf\src\Renderer.php(195): Dompdf\Renderer->render(Object(Dompdf\FrameDecorator\Block))
11 VENDORPATH\dompdf\dompdf\src\FrameReflower\Page.php(149): Dompdf\Renderer->render(Object(Dompdf\FrameDecorator\Block))
12 VENDORPATH\dompdf\dompdf\src\FrameDecorator\AbstractFrameDecorator.php(913): Dompdf\FrameReflower\Page->reflow(null)
13 VENDORPATH\dompdf\dompdf\src\Dompdf.php(765): Dompdf\FrameDecorator\AbstractFrameDecorator->reflow()
14 APPPATH\Controllers\PdfController.php(26): Dompdf\Dompdf->render()
15 SYSTEMPATH\CodeIgniter.php(932): App\Controllers\PdfController->index()
16 SYSTEMPATH\CodeIgniter.php(497): CodeIgniter\CodeIgniter->runController(Object(App\Controllers\PdfController))
17 SYSTEMPATH\CodeIgniter.php(366): CodeIgniter\CodeIgniter->handleRequest(null, Object(Config\Cache), false)
18 FCPATH\index.php(79): CodeIgniter\CodeIgniter->run()
19 SYSTEMPATH\Commands\Server\rewrite.php(47): require_once('C:\\Users\\pwryuwan\\Pictures\\New Project MI7\\e-report v2\\public\\index.php')
CRITICAL - 2024-04-18 09:24:07 --> Allowed memory size of 536870912 bytes exhausted (tried to allocate 262148096 bytes)
【Previous Exception】
Exception
The PHP GD extension is required, but is not installed.
#0 C:\Users\pwryuwan\Pictures\New Project MI7\e-report v2\vendor\dompdf\dompdf\src\Adapter\CPDF.php(669): Dompdf\Cpdf->addPngFromFile('C:\\Users\\pwryuw...', 122.25, 694.2342519685, 150, 60)
#1 C:\Users\pwryuwan\Pictures\New Project MI7\e-report v2\vendor\dompdf\dompdf\src\Renderer\Image.php(65): Dompdf\Adapter\CPDF->image('C:\\Users\\pwryuw...', 122.25, 37.765748031496, 150, 60, 'normal')
#2 C:\Users\pwryuwan\Pictures\New Project MI7\e-report v2\vendor\dompdf\dompdf\src\Renderer.php(289): Dompdf\Renderer\Image->render(Object(Dompdf\FrameDecorator\Image))
#3 C:\Users\pwryuwan\Pictures\New Project MI7\e-report v2\vendor\dompdf\dompdf\src\Renderer.php(128): Dompdf\Renderer->_render_frame('image', Object(Dompdf\FrameDecorator\Image))
#4 C:\Users\pwryuwan\Pictures\New Project MI7\e-report v2\vendor\dompdf\dompdf\src\Renderer.php(195): Dompdf\Renderer->render(Object(Dompdf\FrameDecorator\Image))
#5 C:\Users\pwryuwan\Pictures\New Project MI7\e-report v2\vendor\dompdf\dompdf\src\Renderer.php(195): Dompdf\Renderer->render(Object(Dompdf\FrameDecorator\TableCell))
#6 C:\Users\pwryuwan\Pictures\New Project MI7\e-report v2\vendor\dompdf\dompdf\src\Renderer.php(195): Dompdf\Renderer->render(Object(Dompdf\FrameDecorator\TableRow))
#7 C:\Users\pwryuwan\Pictures\New Project MI7\e-report v2\vendor\dompdf\dompdf\src\Renderer.php(195): Dompdf\Renderer->render(Object(Dompdf\FrameDecorator\TableRowGroup))
#8 C:\Users\pwryuwan\Pictures\New Project MI7\e-report v2\vendor\dompdf\dompdf\src\Renderer.php(195): Dompdf\Renderer->render(Object(Dompdf\FrameDecorator\Table))
#9 C:\Users\pwryuwan\Pictures\New Project MI7\e-report v2\vendor\dompdf\dompdf\src\Renderer.php(195): Dompdf\Renderer->render(Object(Dompdf\FrameDecorator\Block))
#10 C:\Users\pwryuwan\Pictures\New Project MI7\e-report v2\vendor\dompdf\dompdf\src\FrameReflower\Page.php(149): Dompdf\Renderer->render(Object(Dompdf\FrameDecorator\Block))
#11 C:\Users\pwryuwan\Pictures\New Project MI7\e-report v2\vendor\dompdf\dompdf\src\FrameDecorator\AbstractFrameDecorator.php(913): Dompdf\FrameReflower\Page->reflow(NULL)
#12 C:\Users\pwryuwan\Pictures\New Project MI7\e-report v2\vendor\dompdf\dompdf\src\Dompdf.php(765): Dompdf\FrameDecorator\AbstractFrameDecorator->reflow()
#13 C:\Users\pwryuwan\Pictures\New Project MI7\e-report v2\app\Controllers\PdfController.php(26): Dompdf\Dompdf->render()
#14 C:\Users\pwryuwan\Pictures\New Project MI7\e-report v2\system\CodeIgniter.php(932): App\Controllers\PdfController->index()
#15 C:\Users\pwryuwan\Pictures\New Project MI7\e-report v2\system\CodeIgniter.php(497): CodeIgniter\CodeIgniter->runController(Object(App\Controllers\PdfController))
#16 C:\Users\pwryuwan\Pictures\New Project MI7\e-report v2\system\CodeIgniter.php(366): CodeIgniter\CodeIgniter->handleRequest(NULL, Object(Config\Cache), false)
#17 C:\Users\pwryuwan\Pictures\New Project MI7\e-report v2\public\index.php(79): CodeIgniter\CodeIgniter->run()
#18 C:\Users\pwryuwan\Pictures\New Project MI7\e-report v2\system\Commands\Server\rewrite.php(47): require_once('C:\\Users\\pwryuw...')
#19 {main}
in APPPATH\Views\errors\html\error_exception.php on line 125.
 1 [internal function]: CodeIgniter\Debug\Exceptions->shutdownHandler()
CRITICAL - 2024-04-18 09:24:57 --> Undefined variable $imageSrc
in APPPATH\Views\resume.php on line 12.
 1 APPPATH\Views\resume.php(12): CodeIgniter\Debug\Exceptions->errorHandler(2, 'Undefined variable $imageSrc', 'C:\\Users\\pwryuwan\\Pictures\\New Project MI7\\e-report v2\\app\\Views\\resume.php', 12)
 2 SYSTEMPATH\View\View.php(224): include('C:\\Users\\pwryuwan\\Pictures\\New Project MI7\\e-report v2\\app\\Views\\resume.php')
 3 SYSTEMPATH\View\View.php(227): CodeIgniter\View\View->CodeIgniter\View\{closure}()
 4 SYSTEMPATH\Common.php(1180): CodeIgniter\View\View->render('resume', [], true)
 5 APPPATH\Controllers\PdfController.php(24): view('resume', [...])
 6 SYSTEMPATH\CodeIgniter.php(932): App\Controllers\PdfController->index()
 7 SYSTEMPATH\CodeIgniter.php(497): CodeIgniter\CodeIgniter->runController(Object(App\Controllers\PdfController))
 8 SYSTEMPATH\CodeIgniter.php(366): CodeIgniter\CodeIgniter->handleRequest(null, Object(Config\Cache), false)
 9 FCPATH\index.php(79): CodeIgniter\CodeIgniter->run()
10 SYSTEMPATH\Commands\Server\rewrite.php(47): require_once('C:\\Users\\pwryuwan\\Pictures\\New Project MI7\\e-report v2\\public\\index.php')
CRITICAL - 2024-04-18 09:25:23 --> The PHP GD extension is required, but is not installed.
in VENDORPATH\dompdf\dompdf\lib\Cpdf.php on line 5813.
 1 VENDORPATH\dompdf\dompdf\src\Adapter\CPDF.php(669): Dompdf\Cpdf->addPngFromFile('C:\\Users\\pwryuwan\\AppData\\Local\\Temp\\ca_C35C.tmp', 122.25, 694.2342519685039, 150.0, 60.0)
 2 VENDORPATH\dompdf\dompdf\src\Renderer\Image.php(65): Dompdf\Adapter\CPDF->image('C:\\Users\\pwryuwan\\AppData\\Local\\Temp\\ca_C35C.tmp', 122.25, 37.76574803149606, 150.0, 60.0, 'normal')
 3 VENDORPATH\dompdf\dompdf\src\Renderer.php(289): Dompdf\Renderer\Image->render(Object(Dompdf\FrameDecorator\Image))
 4 VENDORPATH\dompdf\dompdf\src\Renderer.php(128): Dompdf\Renderer->_render_frame('image', Object(Dompdf\FrameDecorator\Image))
 5 VENDORPATH\dompdf\dompdf\src\Renderer.php(195): Dompdf\Renderer->render(Object(Dompdf\FrameDecorator\Image))
 6 VENDORPATH\dompdf\dompdf\src\Renderer.php(195): Dompdf\Renderer->render(Object(Dompdf\FrameDecorator\TableCell))
 7 VENDORPATH\dompdf\dompdf\src\Renderer.php(195): Dompdf\Renderer->render(Object(Dompdf\FrameDecorator\TableRow))
 8 VENDORPATH\dompdf\dompdf\src\Renderer.php(195): Dompdf\Renderer->render(Object(Dompdf\FrameDecorator\TableRowGroup))
 9 VENDORPATH\dompdf\dompdf\src\Renderer.php(195): Dompdf\Renderer->render(Object(Dompdf\FrameDecorator\Table))
10 VENDORPATH\dompdf\dompdf\src\Renderer.php(195): Dompdf\Renderer->render(Object(Dompdf\FrameDecorator\Block))
11 VENDORPATH\dompdf\dompdf\src\FrameReflower\Page.php(149): Dompdf\Renderer->render(Object(Dompdf\FrameDecorator\Block))
12 VENDORPATH\dompdf\dompdf\src\FrameDecorator\AbstractFrameDecorator.php(913): Dompdf\FrameReflower\Page->reflow(null)
13 VENDORPATH\dompdf\dompdf\src\Dompdf.php(765): Dompdf\FrameDecorator\AbstractFrameDecorator->reflow()
14 APPPATH\Controllers\PdfController.php(26): Dompdf\Dompdf->render()
15 SYSTEMPATH\CodeIgniter.php(932): App\Controllers\PdfController->index()
16 SYSTEMPATH\CodeIgniter.php(497): CodeIgniter\CodeIgniter->runController(Object(App\Controllers\PdfController))
17 SYSTEMPATH\CodeIgniter.php(366): CodeIgniter\CodeIgniter->handleRequest(null, Object(Config\Cache), false)
18 FCPATH\index.php(79): CodeIgniter\CodeIgniter->run()
19 SYSTEMPATH\Commands\Server\rewrite.php(47): require_once('C:\\Users\\pwryuwan\\Pictures\\New Project MI7\\e-report v2\\public\\index.php')
CRITICAL - 2024-04-18 09:25:28 --> Allowed memory size of 536870912 bytes exhausted (tried to allocate 262148096 bytes)
【Previous Exception】
Exception
The PHP GD extension is required, but is not installed.
#0 C:\Users\pwryuwan\Pictures\New Project MI7\e-report v2\vendor\dompdf\dompdf\src\Adapter\CPDF.php(669): Dompdf\Cpdf->addPngFromFile('C:\\Users\\pwryuw...', 122.25, 694.2342519685, 150, 60)
#1 C:\Users\pwryuwan\Pictures\New Project MI7\e-report v2\vendor\dompdf\dompdf\src\Renderer\Image.php(65): Dompdf\Adapter\CPDF->image('C:\\Users\\pwryuw...', 122.25, 37.765748031496, 150, 60, 'normal')
#2 C:\Users\pwryuwan\Pictures\New Project MI7\e-report v2\vendor\dompdf\dompdf\src\Renderer.php(289): Dompdf\Renderer\Image->render(Object(Dompdf\FrameDecorator\Image))
#3 C:\Users\pwryuwan\Pictures\New Project MI7\e-report v2\vendor\dompdf\dompdf\src\Renderer.php(128): Dompdf\Renderer->_render_frame('image', Object(Dompdf\FrameDecorator\Image))
#4 C:\Users\pwryuwan\Pictures\New Project MI7\e-report v2\vendor\dompdf\dompdf\src\Renderer.php(195): Dompdf\Renderer->render(Object(Dompdf\FrameDecorator\Image))
#5 C:\Users\pwryuwan\Pictures\New Project MI7\e-report v2\vendor\dompdf\dompdf\src\Renderer.php(195): Dompdf\Renderer->render(Object(Dompdf\FrameDecorator\TableCell))
#6 C:\Users\pwryuwan\Pictures\New Project MI7\e-report v2\vendor\dompdf\dompdf\src\Renderer.php(195): Dompdf\Renderer->render(Object(Dompdf\FrameDecorator\TableRow))
#7 C:\Users\pwryuwan\Pictures\New Project MI7\e-report v2\vendor\dompdf\dompdf\src\Renderer.php(195): Dompdf\Renderer->render(Object(Dompdf\FrameDecorator\TableRowGroup))
#8 C:\Users\pwryuwan\Pictures\New Project MI7\e-report v2\vendor\dompdf\dompdf\src\Renderer.php(195): Dompdf\Renderer->render(Object(Dompdf\FrameDecorator\Table))
#9 C:\Users\pwryuwan\Pictures\New Project MI7\e-report v2\vendor\dompdf\dompdf\src\Renderer.php(195): Dompdf\Renderer->render(Object(Dompdf\FrameDecorator\Block))
#10 C:\Users\pwryuwan\Pictures\New Project MI7\e-report v2\vendor\dompdf\dompdf\src\FrameReflower\Page.php(149): Dompdf\Renderer->render(Object(Dompdf\FrameDecorator\Block))
#11 C:\Users\pwryuwan\Pictures\New Project MI7\e-report v2\vendor\dompdf\dompdf\src\FrameDecorator\AbstractFrameDecorator.php(913): Dompdf\FrameReflower\Page->reflow(NULL)
#12 C:\Users\pwryuwan\Pictures\New Project MI7\e-report v2\vendor\dompdf\dompdf\src\Dompdf.php(765): Dompdf\FrameDecorator\AbstractFrameDecorator->reflow()
#13 C:\Users\pwryuwan\Pictures\New Project MI7\e-report v2\app\Controllers\PdfController.php(26): Dompdf\Dompdf->render()
#14 C:\Users\pwryuwan\Pictures\New Project MI7\e-report v2\system\CodeIgniter.php(932): App\Controllers\PdfController->index()
#15 C:\Users\pwryuwan\Pictures\New Project MI7\e-report v2\system\CodeIgniter.php(497): CodeIgniter\CodeIgniter->runController(Object(App\Controllers\PdfController))
#16 C:\Users\pwryuwan\Pictures\New Project MI7\e-report v2\system\CodeIgniter.php(366): CodeIgniter\CodeIgniter->handleRequest(NULL, Object(Config\Cache), false)
#17 C:\Users\pwryuwan\Pictures\New Project MI7\e-report v2\public\index.php(79): CodeIgniter\CodeIgniter->run()
#18 C:\Users\pwryuwan\Pictures\New Project MI7\e-report v2\system\Commands\Server\rewrite.php(47): require_once('C:\\Users\\pwryuw...')
#19 {main}
in APPPATH\Views\errors\html\error_exception.php on line 125.
 1 [internal function]: CodeIgniter\Debug\Exceptions->shutdownHandler()
CRITICAL - 2024-04-18 09:25:59 --> The PHP GD extension is required, but is not installed.
in VENDORPATH\dompdf\dompdf\lib\Cpdf.php on line 5813.
 1 VENDORPATH\dompdf\dompdf\src\Adapter\CPDF.php(669): Dompdf\Cpdf->addPngFromFile('C:\\Users\\pwryuwan\\AppData\\Local\\Temp\\ca_4EA5.tmp', 122.25, 694.2342519685039, 150.0, 60.0)
 2 VENDORPATH\dompdf\dompdf\src\Renderer\Image.php(65): Dompdf\Adapter\CPDF->image('C:\\Users\\pwryuwan\\AppData\\Local\\Temp\\ca_4EA5.tmp', 122.25, 37.76574803149606, 150.0, 60.0, 'normal')
 3 VENDORPATH\dompdf\dompdf\src\Renderer.php(289): Dompdf\Renderer\Image->render(Object(Dompdf\FrameDecorator\Image))
 4 VENDORPATH\dompdf\dompdf\src\Renderer.php(128): Dompdf\Renderer->_render_frame('image', Object(Dompdf\FrameDecorator\Image))
 5 VENDORPATH\dompdf\dompdf\src\Renderer.php(195): Dompdf\Renderer->render(Object(Dompdf\FrameDecorator\Image))
 6 VENDORPATH\dompdf\dompdf\src\Renderer.php(195): Dompdf\Renderer->render(Object(Dompdf\FrameDecorator\TableCell))
 7 VENDORPATH\dompdf\dompdf\src\Renderer.php(195): Dompdf\Renderer->render(Object(Dompdf\FrameDecorator\TableRow))
 8 VENDORPATH\dompdf\dompdf\src\Renderer.php(195): Dompdf\Renderer->render(Object(Dompdf\FrameDecorator\TableRowGroup))
 9 VENDORPATH\dompdf\dompdf\src\Renderer.php(195): Dompdf\Renderer->render(Object(Dompdf\FrameDecorator\Table))
10 VENDORPATH\dompdf\dompdf\src\Renderer.php(195): Dompdf\Renderer->render(Object(Dompdf\FrameDecorator\Block))
11 VENDORPATH\dompdf\dompdf\src\FrameReflower\Page.php(149): Dompdf\Renderer->render(Object(Dompdf\FrameDecorator\Block))
12 VENDORPATH\dompdf\dompdf\src\FrameDecorator\AbstractFrameDecorator.php(913): Dompdf\FrameReflower\Page->reflow(null)
13 VENDORPATH\dompdf\dompdf\src\Dompdf.php(765): Dompdf\FrameDecorator\AbstractFrameDecorator->reflow()
14 APPPATH\Controllers\PdfController.php(26): Dompdf\Dompdf->render()
15 SYSTEMPATH\CodeIgniter.php(932): App\Controllers\PdfController->index()
16 SYSTEMPATH\CodeIgniter.php(497): CodeIgniter\CodeIgniter->runController(Object(App\Controllers\PdfController))
17 SYSTEMPATH\CodeIgniter.php(366): CodeIgniter\CodeIgniter->handleRequest(null, Object(Config\Cache), false)
18 FCPATH\index.php(79): CodeIgniter\CodeIgniter->run()
19 SYSTEMPATH\Commands\Server\rewrite.php(47): require_once('C:\\Users\\pwryuwan\\Pictures\\New Project MI7\\e-report v2\\public\\index.php')
CRITICAL - 2024-04-18 09:26:04 --> Allowed memory size of 536870912 bytes exhausted (tried to allocate 262148096 bytes)
【Previous Exception】
Exception
The PHP GD extension is required, but is not installed.
#0 C:\Users\pwryuwan\Pictures\New Project MI7\e-report v2\vendor\dompdf\dompdf\src\Adapter\CPDF.php(669): Dompdf\Cpdf->addPngFromFile('C:\\Users\\pwryuw...', 122.25, 694.2342519685, 150, 60)
#1 C:\Users\pwryuwan\Pictures\New Project MI7\e-report v2\vendor\dompdf\dompdf\src\Renderer\Image.php(65): Dompdf\Adapter\CPDF->image('C:\\Users\\pwryuw...', 122.25, 37.765748031496, 150, 60, 'normal')
#2 C:\Users\pwryuwan\Pictures\New Project MI7\e-report v2\vendor\dompdf\dompdf\src\Renderer.php(289): Dompdf\Renderer\Image->render(Object(Dompdf\FrameDecorator\Image))
#3 C:\Users\pwryuwan\Pictures\New Project MI7\e-report v2\vendor\dompdf\dompdf\src\Renderer.php(128): Dompdf\Renderer->_render_frame('image', Object(Dompdf\FrameDecorator\Image))
#4 C:\Users\pwryuwan\Pictures\New Project MI7\e-report v2\vendor\dompdf\dompdf\src\Renderer.php(195): Dompdf\Renderer->render(Object(Dompdf\FrameDecorator\Image))
#5 C:\Users\pwryuwan\Pictures\New Project MI7\e-report v2\vendor\dompdf\dompdf\src\Renderer.php(195): Dompdf\Renderer->render(Object(Dompdf\FrameDecorator\TableCell))
#6 C:\Users\pwryuwan\Pictures\New Project MI7\e-report v2\vendor\dompdf\dompdf\src\Renderer.php(195): Dompdf\Renderer->render(Object(Dompdf\FrameDecorator\TableRow))
#7 C:\Users\pwryuwan\Pictures\New Project MI7\e-report v2\vendor\dompdf\dompdf\src\Renderer.php(195): Dompdf\Renderer->render(Object(Dompdf\FrameDecorator\TableRowGroup))
#8 C:\Users\pwryuwan\Pictures\New Project MI7\e-report v2\vendor\dompdf\dompdf\src\Renderer.php(195): Dompdf\Renderer->render(Object(Dompdf\FrameDecorator\Table))
#9 C:\Users\pwryuwan\Pictures\New Project MI7\e-report v2\vendor\dompdf\dompdf\src\Renderer.php(195): Dompdf\Renderer->render(Object(Dompdf\FrameDecorator\Block))
#10 C:\Users\pwryuwan\Pictures\New Project MI7\e-report v2\vendor\dompdf\dompdf\src\FrameReflower\Page.php(149): Dompdf\Renderer->render(Object(Dompdf\FrameDecorator\Block))
#11 C:\Users\pwryuwan\Pictures\New Project MI7\e-report v2\vendor\dompdf\dompdf\src\FrameDecorator\AbstractFrameDecorator.php(913): Dompdf\FrameReflower\Page->reflow(NULL)
#12 C:\Users\pwryuwan\Pictures\New Project MI7\e-report v2\vendor\dompdf\dompdf\src\Dompdf.php(765): Dompdf\FrameDecorator\AbstractFrameDecorator->reflow()
#13 C:\Users\pwryuwan\Pictures\New Project MI7\e-report v2\app\Controllers\PdfController.php(26): Dompdf\Dompdf->render()
#14 C:\Users\pwryuwan\Pictures\New Project MI7\e-report v2\system\CodeIgniter.php(932): App\Controllers\PdfController->index()
#15 C:\Users\pwryuwan\Pictures\New Project MI7\e-report v2\system\CodeIgniter.php(497): CodeIgniter\CodeIgniter->runController(Object(App\Controllers\PdfController))
#16 C:\Users\pwryuwan\Pictures\New Project MI7\e-report v2\system\CodeIgniter.php(366): CodeIgniter\CodeIgniter->handleRequest(NULL, Object(Config\Cache), false)
#17 C:\Users\pwryuwan\Pictures\New Project MI7\e-report v2\public\index.php(79): CodeIgniter\CodeIgniter->run()
#18 C:\Users\pwryuwan\Pictures\New Project MI7\e-report v2\system\Commands\Server\rewrite.php(47): require_once('C:\\Users\\pwryuw...')
#19 {main}
in APPPATH\Views\errors\html\error_exception.php on line 125.
 1 [internal function]: CodeIgniter\Debug\Exceptions->shutdownHandler()
CRITICAL - 2024-04-18 09:26:05 --> The PHP GD extension is required, but is not installed.
in VENDORPATH\dompdf\dompdf\lib\Cpdf.php on line 5813.
 1 VENDORPATH\dompdf\dompdf\src\Adapter\CPDF.php(669): Dompdf\Cpdf->addPngFromFile('C:\\Users\\pwryuwan\\AppData\\Local\\Temp\\ca_658A.tmp', 122.25, 694.2342519685039, 150.0, 60.0)
 2 VENDORPATH\dompdf\dompdf\src\Renderer\Image.php(65): Dompdf\Adapter\CPDF->image('C:\\Users\\pwryuwan\\AppData\\Local\\Temp\\ca_658A.tmp', 122.25, 37.76574803149606, 150.0, 60.0, 'normal')
 3 VENDORPATH\dompdf\dompdf\src\Renderer.php(289): Dompdf\Renderer\Image->render(Object(Dompdf\FrameDecorator\Image))
 4 VENDORPATH\dompdf\dompdf\src\Renderer.php(128): Dompdf\Renderer->_render_frame('image', Object(Dompdf\FrameDecorator\Image))
 5 VENDORPATH\dompdf\dompdf\src\Renderer.php(195): Dompdf\Renderer->render(Object(Dompdf\FrameDecorator\Image))
 6 VENDORPATH\dompdf\dompdf\src\Renderer.php(195): Dompdf\Renderer->render(Object(Dompdf\FrameDecorator\TableCell))
 7 VENDORPATH\dompdf\dompdf\src\Renderer.php(195): Dompdf\Renderer->render(Object(Dompdf\FrameDecorator\TableRow))
 8 VENDORPATH\dompdf\dompdf\src\Renderer.php(195): Dompdf\Renderer->render(Object(Dompdf\FrameDecorator\TableRowGroup))
 9 VENDORPATH\dompdf\dompdf\src\Renderer.php(195): Dompdf\Renderer->render(Object(Dompdf\FrameDecorator\Table))
10 VENDORPATH\dompdf\dompdf\src\Renderer.php(195): Dompdf\Renderer->render(Object(Dompdf\FrameDecorator\Block))
11 VENDORPATH\dompdf\dompdf\src\FrameReflower\Page.php(149): Dompdf\Renderer->render(Object(Dompdf\FrameDecorator\Block))
12 VENDORPATH\dompdf\dompdf\src\FrameDecorator\AbstractFrameDecorator.php(913): Dompdf\FrameReflower\Page->reflow(null)
13 VENDORPATH\dompdf\dompdf\src\Dompdf.php(765): Dompdf\FrameDecorator\AbstractFrameDecorator->reflow()
14 APPPATH\Controllers\PdfController.php(26): Dompdf\Dompdf->render()
15 SYSTEMPATH\CodeIgniter.php(932): App\Controllers\PdfController->index()
16 SYSTEMPATH\CodeIgniter.php(497): CodeIgniter\CodeIgniter->runController(Object(App\Controllers\PdfController))
17 SYSTEMPATH\CodeIgniter.php(366): CodeIgniter\CodeIgniter->handleRequest(null, Object(Config\Cache), false)
18 FCPATH\index.php(79): CodeIgniter\CodeIgniter->run()
19 SYSTEMPATH\Commands\Server\rewrite.php(47): require_once('C:\\Users\\pwryuwan\\Pictures\\New Project MI7\\e-report v2\\public\\index.php')
CRITICAL - 2024-04-18 09:26:09 --> Allowed memory size of 536870912 bytes exhausted (tried to allocate 262148096 bytes)
【Previous Exception】
Exception
The PHP GD extension is required, but is not installed.
#0 C:\Users\pwryuwan\Pictures\New Project MI7\e-report v2\vendor\dompdf\dompdf\src\Adapter\CPDF.php(669): Dompdf\Cpdf->addPngFromFile('C:\\Users\\pwryuw...', 122.25, 694.2342519685, 150, 60)
#1 C:\Users\pwryuwan\Pictures\New Project MI7\e-report v2\vendor\dompdf\dompdf\src\Renderer\Image.php(65): Dompdf\Adapter\CPDF->image('C:\\Users\\pwryuw...', 122.25, 37.765748031496, 150, 60, 'normal')
#2 C:\Users\pwryuwan\Pictures\New Project MI7\e-report v2\vendor\dompdf\dompdf\src\Renderer.php(289): Dompdf\Renderer\Image->render(Object(Dompdf\FrameDecorator\Image))
#3 C:\Users\pwryuwan\Pictures\New Project MI7\e-report v2\vendor\dompdf\dompdf\src\Renderer.php(128): Dompdf\Renderer->_render_frame('image', Object(Dompdf\FrameDecorator\Image))
#4 C:\Users\pwryuwan\Pictures\New Project MI7\e-report v2\vendor\dompdf\dompdf\src\Renderer.php(195): Dompdf\Renderer->render(Object(Dompdf\FrameDecorator\Image))
#5 C:\Users\pwryuwan\Pictures\New Project MI7\e-report v2\vendor\dompdf\dompdf\src\Renderer.php(195): Dompdf\Renderer->render(Object(Dompdf\FrameDecorator\TableCell))
#6 C:\Users\pwryuwan\Pictures\New Project MI7\e-report v2\vendor\dompdf\dompdf\src\Renderer.php(195): Dompdf\Renderer->render(Object(Dompdf\FrameDecorator\TableRow))
#7 C:\Users\pwryuwan\Pictures\New Project MI7\e-report v2\vendor\dompdf\dompdf\src\Renderer.php(195): Dompdf\Renderer->render(Object(Dompdf\FrameDecorator\TableRowGroup))
#8 C:\Users\pwryuwan\Pictures\New Project MI7\e-report v2\vendor\dompdf\dompdf\src\Renderer.php(195): Dompdf\Renderer->render(Object(Dompdf\FrameDecorator\Table))
#9 C:\Users\pwryuwan\Pictures\New Project MI7\e-report v2\vendor\dompdf\dompdf\src\Renderer.php(195): Dompdf\Renderer->render(Object(Dompdf\FrameDecorator\Block))
#10 C:\Users\pwryuwan\Pictures\New Project MI7\e-report v2\vendor\dompdf\dompdf\src\FrameReflower\Page.php(149): Dompdf\Renderer->render(Object(Dompdf\FrameDecorator\Block))
#11 C:\Users\pwryuwan\Pictures\New Project MI7\e-report v2\vendor\dompdf\dompdf\src\FrameDecorator\AbstractFrameDecorator.php(913): Dompdf\FrameReflower\Page->reflow(NULL)
#12 C:\Users\pwryuwan\Pictures\New Project MI7\e-report v2\vendor\dompdf\dompdf\src\Dompdf.php(765): Dompdf\FrameDecorator\AbstractFrameDecorator->reflow()
#13 C:\Users\pwryuwan\Pictures\New Project MI7\e-report v2\app\Controllers\PdfController.php(26): Dompdf\Dompdf->render()
#14 C:\Users\pwryuwan\Pictures\New Project MI7\e-report v2\system\CodeIgniter.php(932): App\Controllers\PdfController->index()
#15 C:\Users\pwryuwan\Pictures\New Project MI7\e-report v2\system\CodeIgniter.php(497): CodeIgniter\CodeIgniter->runController(Object(App\Controllers\PdfController))
#16 C:\Users\pwryuwan\Pictures\New Project MI7\e-report v2\system\CodeIgniter.php(366): CodeIgniter\CodeIgniter->handleRequest(NULL, Object(Config\Cache), false)
#17 C:\Users\pwryuwan\Pictures\New Project MI7\e-report v2\public\index.php(79): CodeIgniter\CodeIgniter->run()
#18 C:\Users\pwryuwan\Pictures\New Project MI7\e-report v2\system\Commands\Server\rewrite.php(47): require_once('C:\\Users\\pwryuw...')
#19 {main}
in APPPATH\Views\errors\html\error_exception.php on line 125.
 1 [internal function]: CodeIgniter\Debug\Exceptions->shutdownHandler()
CRITICAL - 2024-04-18 09:27:56 --> The PHP GD extension is required, but is not installed.
in VENDORPATH\dompdf\dompdf\lib\Cpdf.php on line 5813.
 1 VENDORPATH\dompdf\dompdf\src\Adapter\CPDF.php(669): Dompdf\Cpdf->addPngFromFile('C:\\Users\\pwryuwan\\AppData\\Local\\Temp\\ca_17CF.tmp', 122.25, 694.2342519685039, 150.0, 60.0)
 2 VENDORPATH\dompdf\dompdf\src\Renderer\Image.php(65): Dompdf\Adapter\CPDF->image('C:\\Users\\pwryuwan\\AppData\\Local\\Temp\\ca_17CF.tmp', 122.25, 37.76574803149606, 150.0, 60.0, 'normal')
 3 VENDORPATH\dompdf\dompdf\src\Renderer.php(289): Dompdf\Renderer\Image->render(Object(Dompdf\FrameDecorator\Image))
 4 VENDORPATH\dompdf\dompdf\src\Renderer.php(128): Dompdf\Renderer->_render_frame('image', Object(Dompdf\FrameDecorator\Image))
 5 VENDORPATH\dompdf\dompdf\src\Renderer.php(195): Dompdf\Renderer->render(Object(Dompdf\FrameDecorator\Image))
 6 VENDORPATH\dompdf\dompdf\src\Renderer.php(195): Dompdf\Renderer->render(Object(Dompdf\FrameDecorator\TableCell))
 7 VENDORPATH\dompdf\dompdf\src\Renderer.php(195): Dompdf\Renderer->render(Object(Dompdf\FrameDecorator\TableRow))
 8 VENDORPATH\dompdf\dompdf\src\Renderer.php(195): Dompdf\Renderer->render(Object(Dompdf\FrameDecorator\TableRowGroup))
 9 VENDORPATH\dompdf\dompdf\src\Renderer.php(195): Dompdf\Renderer->render(Object(Dompdf\FrameDecorator\Table))
10 VENDORPATH\dompdf\dompdf\src\Renderer.php(195): Dompdf\Renderer->render(Object(Dompdf\FrameDecorator\Block))
11 VENDORPATH\dompdf\dompdf\src\FrameReflower\Page.php(149): Dompdf\Renderer->render(Object(Dompdf\FrameDecorator\Block))
12 VENDORPATH\dompdf\dompdf\src\FrameDecorator\AbstractFrameDecorator.php(913): Dompdf\FrameReflower\Page->reflow(null)
13 VENDORPATH\dompdf\dompdf\src\Dompdf.php(765): Dompdf\FrameDecorator\AbstractFrameDecorator->reflow()
14 APPPATH\Controllers\PdfController.php(26): Dompdf\Dompdf->render()
15 SYSTEMPATH\CodeIgniter.php(932): App\Controllers\PdfController->index()
16 SYSTEMPATH\CodeIgniter.php(497): CodeIgniter\CodeIgniter->runController(Object(App\Controllers\PdfController))
17 SYSTEMPATH\CodeIgniter.php(366): CodeIgniter\CodeIgniter->handleRequest(null, Object(Config\Cache), false)
18 FCPATH\index.php(79): CodeIgniter\CodeIgniter->run()
19 SYSTEMPATH\Commands\Server\rewrite.php(47): require_once('C:\\Users\\pwryuwan\\Pictures\\New Project MI7\\e-report v2\\public\\index.php')
CRITICAL - 2024-04-18 09:28:01 --> Allowed memory size of 536870912 bytes exhausted (tried to allocate 262148096 bytes)
【Previous Exception】
Exception
The PHP GD extension is required, but is not installed.
#0 C:\Users\pwryuwan\Pictures\New Project MI7\e-report v2\vendor\dompdf\dompdf\src\Adapter\CPDF.php(669): Dompdf\Cpdf->addPngFromFile('C:\\Users\\pwryuw...', 122.25, 694.2342519685, 150, 60)
#1 C:\Users\pwryuwan\Pictures\New Project MI7\e-report v2\vendor\dompdf\dompdf\src\Renderer\Image.php(65): Dompdf\Adapter\CPDF->image('C:\\Users\\pwryuw...', 122.25, 37.765748031496, 150, 60, 'normal')
#2 C:\Users\pwryuwan\Pictures\New Project MI7\e-report v2\vendor\dompdf\dompdf\src\Renderer.php(289): Dompdf\Renderer\Image->render(Object(Dompdf\FrameDecorator\Image))
#3 C:\Users\pwryuwan\Pictures\New Project MI7\e-report v2\vendor\dompdf\dompdf\src\Renderer.php(128): Dompdf\Renderer->_render_frame('image', Object(Dompdf\FrameDecorator\Image))
#4 C:\Users\pwryuwan\Pictures\New Project MI7\e-report v2\vendor\dompdf\dompdf\src\Renderer.php(195): Dompdf\Renderer->render(Object(Dompdf\FrameDecorator\Image))
#5 C:\Users\pwryuwan\Pictures\New Project MI7\e-report v2\vendor\dompdf\dompdf\src\Renderer.php(195): Dompdf\Renderer->render(Object(Dompdf\FrameDecorator\TableCell))
#6 C:\Users\pwryuwan\Pictures\New Project MI7\e-report v2\vendor\dompdf\dompdf\src\Renderer.php(195): Dompdf\Renderer->render(Object(Dompdf\FrameDecorator\TableRow))
#7 C:\Users\pwryuwan\Pictures\New Project MI7\e-report v2\vendor\dompdf\dompdf\src\Renderer.php(195): Dompdf\Renderer->render(Object(Dompdf\FrameDecorator\TableRowGroup))
#8 C:\Users\pwryuwan\Pictures\New Project MI7\e-report v2\vendor\dompdf\dompdf\src\Renderer.php(195): Dompdf\Renderer->render(Object(Dompdf\FrameDecorator\Table))
#9 C:\Users\pwryuwan\Pictures\New Project MI7\e-report v2\vendor\dompdf\dompdf\src\Renderer.php(195): Dompdf\Renderer->render(Object(Dompdf\FrameDecorator\Block))
#10 C:\Users\pwryuwan\Pictures\New Project MI7\e-report v2\vendor\dompdf\dompdf\src\FrameReflower\Page.php(149): Dompdf\Renderer->render(Object(Dompdf\FrameDecorator\Block))
#11 C:\Users\pwryuwan\Pictures\New Project MI7\e-report v2\vendor\dompdf\dompdf\src\FrameDecorator\AbstractFrameDecorator.php(913): Dompdf\FrameReflower\Page->reflow(NULL)
#12 C:\Users\pwryuwan\Pictures\New Project MI7\e-report v2\vendor\dompdf\dompdf\src\Dompdf.php(765): Dompdf\FrameDecorator\AbstractFrameDecorator->reflow()
#13 C:\Users\pwryuwan\Pictures\New Project MI7\e-report v2\app\Controllers\PdfController.php(26): Dompdf\Dompdf->render()
#14 C:\Users\pwryuwan\Pictures\New Project MI7\e-report v2\system\CodeIgniter.php(932): App\Controllers\PdfController->index()
#15 C:\Users\pwryuwan\Pictures\New Project MI7\e-report v2\system\CodeIgniter.php(497): CodeIgniter\CodeIgniter->runController(Object(App\Controllers\PdfController))
#16 C:\Users\pwryuwan\Pictures\New Project MI7\e-report v2\system\CodeIgniter.php(366): CodeIgniter\CodeIgniter->handleRequest(NULL, Object(Config\Cache), false)
#17 C:\Users\pwryuwan\Pictures\New Project MI7\e-report v2\public\index.php(79): CodeIgniter\CodeIgniter->run()
#18 C:\Users\pwryuwan\Pictures\New Project MI7\e-report v2\system\Commands\Server\rewrite.php(47): require_once('C:\\Users\\pwryuw...')
#19 {main}
in APPPATH\Views\errors\html\error_exception.php on line 125.
 1 [internal function]: CodeIgniter\Debug\Exceptions->shutdownHandler()
INFO - 2024-04-18 09:28:16 --> Session: Class initialized using 'CodeIgniter\Session\Handlers\FileHandler' driver.
INFO - 2024-04-18 09:33:05 --> Session: Class initialized using 'CodeIgniter\Session\Handlers\FileHandler' driver.
INFO - 2024-04-18 09:33:06 --> Session: Class initialized using 'CodeIgniter\Session\Handlers\FileHandler' driver.
CRITICAL - 2024-04-18 09:33:19 --> Invalid file: "pdf_view.php"
in SYSTEMPATH\Exceptions\FrameworkException.php on line 33.
 1 SYSTEMPATH\View\View.php(212): CodeIgniter\Exceptions\FrameworkException::forInvalidFile('pdf_view.php')
 2 SYSTEMPATH\Common.php(1180): CodeIgniter\View\View->render('pdf_view', [], true)
 3 APPPATH\Controllers\PdfController.php(11): view('pdf_view')
 4 SYSTEMPATH\CodeIgniter.php(932): App\Controllers\PdfController->index()
 5 SYSTEMPATH\CodeIgniter.php(497): CodeIgniter\CodeIgniter->runController(Object(App\Controllers\PdfController))
 6 SYSTEMPATH\CodeIgniter.php(366): CodeIgniter\CodeIgniter->handleRequest(null, Object(Config\Cache), false)
 7 FCPATH\index.php(79): CodeIgniter\CodeIgniter->run()
 8 SYSTEMPATH\Commands\Server\rewrite.php(47): require_once('C:\\Users\\pwryuwan\\Pictures\\New Project MI7\\e-report v2\\public\\index.php')
