ERROR - 2023-08-29 05:52:17 --> Error connecting to the database: mysqli_sql_exception: No connection could be made because the target machine actively refused it.
 in D:\xampp\htdocs\qualityhome\system\Database\MySQLi\Connection.php:174
Stack trace:
#0 D:\xampp\htdocs\qualityhome\system\Database\MySQLi\Connection.php(174): mysqli->real_connect('localhost', 'root', '', 'qualityhome', 3306, '', 0)
#1 D:\xampp\htdocs\qualityhome\system\Database\BaseConnection.php(391): CodeIgniter\Database\MySQLi\Connection->connect(false)
#2 D:\xampp\htdocs\qualityhome\system\Database\BaseConnection.php(574): CodeIgniter\Database\BaseConnection->initialize()
#3 D:\xampp\htdocs\qualityhome\system\Database\BaseBuilder.php(1616): CodeIgniter\Database\BaseConnection->query('SELECT *\nFROM `...', Array, false)
#4 D:\xampp\htdocs\qualityhome\system\Model.php(268): CodeIgniter\Database\BaseBuilder->get()
#5 D:\xampp\htdocs\qualityhome\system\BaseModel.php(656): CodeIgniter\Model->doFirst()
#6 D:\xampp\htdocs\qualityhome\app\Controllers\Login.php(27): CodeIgniter\BaseModel->first()
#7 D:\xampp\htdocs\qualityhome\system\CodeIgniter.php(932): App\Controllers\Login->Validation()
#8 D:\xampp\htdocs\qualityhome\system\CodeIgniter.php(497): CodeIgniter\CodeIgniter->runController(Object(App\Controllers\Login))
#9 D:\xampp\htdocs\qualityhome\system\CodeIgniter.php(366): CodeIgniter\CodeIgniter->handleRequest(NULL, Object(Config\Cache), false)
#10 D:\xampp\htdocs\qualityhome\public\index.php(67): CodeIgniter\CodeIgniter->run()
#11 {main}

Next CodeIgniter\Database\Exceptions\DatabaseException: No connection could be made because the target machine actively refused it.
 in D:\xampp\htdocs\qualityhome\system\Database\MySQLi\Connection.php:218
Stack trace:
#0 D:\xampp\htdocs\qualityhome\system\Database\BaseConnection.php(391): CodeIgniter\Database\MySQLi\Connection->connect(false)
#1 D:\xampp\htdocs\qualityhome\system\Database\BaseConnection.php(574): CodeIgniter\Database\BaseConnection->initialize()
#2 D:\xampp\htdocs\qualityhome\system\Database\BaseBuilder.php(1616): CodeIgniter\Database\BaseConnection->query('SELECT *\nFROM `...', Array, false)
#3 D:\xampp\htdocs\qualityhome\system\Model.php(268): CodeIgniter\Database\BaseBuilder->get()
#4 D:\xampp\htdocs\qualityhome\system\BaseModel.php(656): CodeIgniter\Model->doFirst()
#5 D:\xampp\htdocs\qualityhome\app\Controllers\Login.php(27): CodeIgniter\BaseModel->first()
#6 D:\xampp\htdocs\qualityhome\system\CodeIgniter.php(932): App\Controllers\Login->Validation()
#7 D:\xampp\htdocs\qualityhome\system\CodeIgniter.php(497): CodeIgniter\CodeIgniter->runController(Object(App\Controllers\Login))
#8 D:\xampp\htdocs\qualityhome\system\CodeIgniter.php(366): CodeIgniter\CodeIgniter->handleRequest(NULL, Object(Config\Cache), false)
#9 D:\xampp\htdocs\qualityhome\public\index.php(67): CodeIgniter\CodeIgniter->run()
#10 {main}
CRITICAL - 2023-08-29 05:52:17 --> Unable to connect to the database.
Main connection [MySQLi]: No connection could be made because the target machine actively refused it.

in SYSTEMPATH\Database\BaseConnection.php on line 427.
 1 SYSTEMPATH\Database\BaseConnection.php(574): CodeIgniter\Database\BaseConnection->initialize()
 2 SYSTEMPATH\Database\BaseBuilder.php(1616): CodeIgniter\Database\BaseConnection->query('SELECT *
FROM `tb_users`
WHERE `USERNAME` = :USERNAME:
 LIMIT 1', [...], false)
 3 SYSTEMPATH\Model.php(268): CodeIgniter\Database\BaseBuilder->get()
 4 SYSTEMPATH\BaseModel.php(656): CodeIgniter\Model->doFirst()
 5 APPPATH\Controllers\Login.php(27): CodeIgniter\BaseModel->first()
 6 SYSTEMPATH\CodeIgniter.php(932): App\Controllers\Login->Validation()
 7 SYSTEMPATH\CodeIgniter.php(497): CodeIgniter\CodeIgniter->runController(Object(App\Controllers\Login))
 8 SYSTEMPATH\CodeIgniter.php(366): CodeIgniter\CodeIgniter->handleRequest(null, Object(Config\Cache), false)
 9 FCPATH\index.php(67): CodeIgniter\CodeIgniter->run()
