CRITICAL - 2023-07-28 01:55:22 --> Invalid file: "./QualityApps.php"
in SYSTEMPATH\Exceptions\FrameworkException.php on line 33.
 1 SYSTEMPATH\View\View.php(212): CodeIgniter\Exceptions\FrameworkException::forInvalidFile('./QualityApps.php')
 2 SYSTEMPATH\Common.php(1180): CodeIgniter\View\View->render('./QualityApps', [], true)
 3 APPPATH\Controllers\Home.php(9): view('./QualityApps')
 4 SYSTEMPATH\CodeIgniter.php(932): App\Controllers\Home->index()
 5 SYSTEMPATH\CodeIgniter.php(497): CodeIgniter\CodeIgniter->runController(Object(App\Controllers\Home))
 6 SYSTEMPATH\CodeIgniter.php(366): CodeIgniter\CodeIgniter->handleRequest(null, Object(Config\Cache), false)
 7 FCPATH\index.php(67): CodeIgniter\CodeIgniter->run()
 8 SYSTEMPATH\Commands\Server\rewrite.php(47): require_once('D:\\xampp\\htdocs\\qualityhome\\public\\index.php')
CRITICAL - 2023-07-28 05:47:25 --> Invalid file: "QualityApp/QualityCompliance.php"
in SYSTEMPATH\Exceptions\FrameworkException.php on line 33.
 1 SYSTEMPATH\View\View.php(212): CodeIgniter\Exceptions\FrameworkException::forInvalidFile('QualityApp/QualityCompliance.php')
 2 SYSTEMPATH\Common.php(1180): CodeIgniter\View\View->render('QualityApp/QualityCompliance', [], true)
 3 APPPATH\Controllers\Home.php(9): view('QualityApp/QualityCompliance')
 4 SYSTEMPATH\CodeIgniter.php(932): App\Controllers\Home->index()
 5 SYSTEMPATH\CodeIgniter.php(497): CodeIgniter\CodeIgniter->runController(Object(App\Controllers\Home))
 6 SYSTEMPATH\CodeIgniter.php(366): CodeIgniter\CodeIgniter->handleRequest(null, Object(Config\Cache), false)
 7 FCPATH\index.php(67): CodeIgniter\CodeIgniter->run()
 8 SYSTEMPATH\Commands\Server\rewrite.php(47): require_once('D:\\xampp\\htdocs\\qualityhome\\public\\index.php')
CRITICAL - 2023-07-28 06:01:42 --> Invalid file: "QualityApps/QualityApps.php"
in SYSTEMPATH\Exceptions\FrameworkException.php on line 33.
 1 SYSTEMPATH\View\View.php(212): CodeIgniter\Exceptions\FrameworkException::forInvalidFile('QualityApps/QualityApps.php')
 2 SYSTEMPATH\Common.php(1180): CodeIgniter\View\View->render('QualityApps/QualityApps', [], true)
 3 APPPATH\Controllers\Home.php(9): view('QualityApps/QualityApps')
 4 SYSTEMPATH\CodeIgniter.php(932): App\Controllers\Home->index()
 5 SYSTEMPATH\CodeIgniter.php(497): CodeIgniter\CodeIgniter->runController(Object(App\Controllers\Home))
 6 SYSTEMPATH\CodeIgniter.php(366): CodeIgniter\CodeIgniter->handleRequest(null, Object(Config\Cache), false)
 7 FCPATH\index.php(67): CodeIgniter\CodeIgniter->run()
 8 SYSTEMPATH\Commands\Server\rewrite.php(47): require_once('D:\\xampp\\htdocs\\qualityhome\\public\\index.php')
