INFO - 2025-04-10 02:58:44 --> Session: Class initialized using 'CodeIgniter\Session\Handlers\FileHandler' driver.
INFO - 2025-04-10 02:58:50 --> Session: Class initialized using 'CodeIgniter\Session\Handlers\FileHandler' driver.
INFO - 2025-04-10 02:59:07 --> Session: Class initialized using 'CodeIgniter\Session\Handlers\FileHandler' driver.
INFO - 2025-04-10 02:59:08 --> Session: Class initialized using 'CodeIgniter\Session\Handlers\FileHandler' driver.
INFO - 2025-04-10 02:59:20 --> Session: Class initialized using 'CodeIgniter\Session\Handlers\FileHandler' driver.
INFO - 2025-04-10 02:59:21 --> Session: Class initialized using 'CodeIgniter\Session\Handlers\FileHandler' driver.
INFO - 2025-04-10 02:59:30 --> Session: Class initialized using 'CodeIgniter\Session\Handlers\FileHandler' driver.
INFO - 2025-04-10 02:59:30 --> Session: Class initialized using 'CodeIgniter\Session\Handlers\FileHandler' driver.
INFO - 2025-04-10 02:59:45 --> Session: Class initialized using 'CodeIgniter\Session\Handlers\FileHandler' driver.
INFO - 2025-04-10 02:59:45 --> Session: Class initialized using 'CodeIgniter\Session\Handlers\FileHandler' driver.
INFO - 2025-04-10 03:00:19 --> Session: Class initialized using 'CodeIgniter\Session\Handlers\FileHandler' driver.
INFO - 2025-04-10 03:00:26 --> Session: Class initialized using 'CodeIgniter\Session\Handlers\FileHandler' driver.
INFO - 2025-04-10 03:00:29 --> Session: Class initialized using 'CodeIgniter\Session\Handlers\FileHandler' driver.
INFO - 2025-04-10 03:00:31 --> Session: Class initialized using 'CodeIgniter\Session\Handlers\FileHandler' driver.
INFO - 2025-04-10 03:01:20 --> Session: Class initialized using 'CodeIgniter\Session\Handlers\FileHandler' driver.
INFO - 2025-04-10 03:01:30 --> Session: Class initialized using 'CodeIgniter\Session\Handlers\FileHandler' driver.
INFO - 2025-04-10 03:01:38 --> Session: Class initialized using 'CodeIgniter\Session\Handlers\FileHandler' driver.
CRITICAL - 2025-04-10 03:01:40 --> The PHP GD extension is required, but is not installed.
in VENDORPATH\dompdf\dompdf\lib\Cpdf.php on line 5813.
 1 VENDORPATH\dompdf\dompdf\src\Adapter\CPDF.php(669): Dompdf\Cpdf->addPngFromFile('C:\\Users\\ASUS\\AppData\\Local\\Temp\\ca_2343.tmp', 56.02931102362204, 503.5142519685039, 150.0, 56.25)
 2 VENDORPATH\dompdf\dompdf\src\Renderer\Image.php(65): Dompdf\Adapter\CPDF->image('C:\\Users\\ASUS\\AppData\\Local\\Temp\\ca_2343.tmp', 56.02931102362204, 35.51574803149606, 150.0, 56.25, 'normal')
 3 VENDORPATH\dompdf\dompdf\src\Renderer.php(289): Dompdf\Renderer\Image->render(Object(Dompdf\FrameDecorator\Image))
 4 VENDORPATH\dompdf\dompdf\src\Renderer.php(128): Dompdf\Renderer->_render_frame('image', Object(Dompdf\FrameDecorator\Image))
 5 VENDORPATH\dompdf\dompdf\src\Renderer.php(195): Dompdf\Renderer->render(Object(Dompdf\FrameDecorator\Image))
 6 VENDORPATH\dompdf\dompdf\src\Renderer.php(195): Dompdf\Renderer->render(Object(Dompdf\FrameDecorator\TableCell))
 7 VENDORPATH\dompdf\dompdf\src\Renderer.php(195): Dompdf\Renderer->render(Object(Dompdf\FrameDecorator\TableRow))
 8 VENDORPATH\dompdf\dompdf\src\Renderer.php(195): Dompdf\Renderer->render(Object(Dompdf\FrameDecorator\TableRowGroup))
 9 VENDORPATH\dompdf\dompdf\src\Renderer.php(195): Dompdf\Renderer->render(Object(Dompdf\FrameDecorator\Table))
10 VENDORPATH\dompdf\dompdf\src\Renderer.php(195): Dompdf\Renderer->render(Object(Dompdf\FrameDecorator\Block))
11 VENDORPATH\dompdf\dompdf\src\FrameReflower\Page.php(149): Dompdf\Renderer->render(Object(Dompdf\FrameDecorator\Block))
12 VENDORPATH\dompdf\dompdf\src\FrameDecorator\AbstractFrameDecorator.php(913): Dompdf\FrameReflower\Page->reflow(null)
13 VENDORPATH\dompdf\dompdf\src\Dompdf.php(765): Dompdf\FrameDecorator\AbstractFrameDecorator->reflow()
14 APPPATH\Controllers\DataPpoj.php(76): Dompdf\Dompdf->render()
15 SYSTEMPATH\CodeIgniter.php(932): App\Controllers\DataPpoj->DetailPpoj(' 141')
16 SYSTEMPATH\CodeIgniter.php(497): CodeIgniter\CodeIgniter->runController(Object(App\Controllers\DataPpoj))
17 SYSTEMPATH\CodeIgniter.php(366): CodeIgniter\CodeIgniter->handleRequest(null, Object(Config\Cache), false)
18 FCPATH\index.php(79): CodeIgniter\CodeIgniter->run()
INFO - 2025-04-10 06:24:00 --> Session: Class initialized using 'CodeIgniter\Session\Handlers\FileHandler' driver.
INFO - 2025-04-10 06:24:05 --> Session: Class initialized using 'CodeIgniter\Session\Handlers\FileHandler' driver.
INFO - 2025-04-10 06:24:05 --> Session: Class initialized using 'CodeIgniter\Session\Handlers\FileHandler' driver.
INFO - 2025-04-10 06:24:14 --> Session: Class initialized using 'CodeIgniter\Session\Handlers\FileHandler' driver.
INFO - 2025-04-10 06:24:15 --> Session: Class initialized using 'CodeIgniter\Session\Handlers\FileHandler' driver.
INFO - 2025-04-10 06:24:33 --> Session: Class initialized using 'CodeIgniter\Session\Handlers\FileHandler' driver.
INFO - 2025-04-10 06:24:33 --> Session: Class initialized using 'CodeIgniter\Session\Handlers\FileHandler' driver.
INFO - 2025-04-10 06:25:46 --> Session: Class initialized using 'CodeIgniter\Session\Handlers\FileHandler' driver.
INFO - 2025-04-10 06:45:44 --> Session: Class initialized using 'CodeIgniter\Session\Handlers\FileHandler' driver.
INFO - 2025-04-10 06:46:12 --> Session: Class initialized using 'CodeIgniter\Session\Handlers\FileHandler' driver.
INFO - 2025-04-10 06:46:28 --> Session: Class initialized using 'CodeIgniter\Session\Handlers\FileHandler' driver.
INFO - 2025-04-10 06:46:44 --> Session: Class initialized using 'CodeIgniter\Session\Handlers\FileHandler' driver.
CRITICAL - 2025-04-10 06:46:45 --> The PHP GD extension is required, but is not installed.
in VENDORPATH\dompdf\dompdf\lib\Cpdf.php on line 5813.
 1 VENDORPATH\dompdf\dompdf\src\Adapter\CPDF.php(669): Dompdf\Cpdf->addPngFromFile('C:\\Users\\ASUS\\AppData\\Local\\Temp\\ca_352D.tmp', 56.02931102362204, 503.5142519685039, 150.0, 56.25)
 2 VENDORPATH\dompdf\dompdf\src\Renderer\Image.php(65): Dompdf\Adapter\CPDF->image('C:\\Users\\ASUS\\AppData\\Local\\Temp\\ca_352D.tmp', 56.02931102362204, 35.51574803149606, 150.0, 56.25, 'normal')
 3 VENDORPATH\dompdf\dompdf\src\Renderer.php(289): Dompdf\Renderer\Image->render(Object(Dompdf\FrameDecorator\Image))
 4 VENDORPATH\dompdf\dompdf\src\Renderer.php(128): Dompdf\Renderer->_render_frame('image', Object(Dompdf\FrameDecorator\Image))
 5 VENDORPATH\dompdf\dompdf\src\Renderer.php(195): Dompdf\Renderer->render(Object(Dompdf\FrameDecorator\Image))
 6 VENDORPATH\dompdf\dompdf\src\Renderer.php(195): Dompdf\Renderer->render(Object(Dompdf\FrameDecorator\TableCell))
 7 VENDORPATH\dompdf\dompdf\src\Renderer.php(195): Dompdf\Renderer->render(Object(Dompdf\FrameDecorator\TableRow))
 8 VENDORPATH\dompdf\dompdf\src\Renderer.php(195): Dompdf\Renderer->render(Object(Dompdf\FrameDecorator\TableRowGroup))
 9 VENDORPATH\dompdf\dompdf\src\Renderer.php(195): Dompdf\Renderer->render(Object(Dompdf\FrameDecorator\Table))
10 VENDORPATH\dompdf\dompdf\src\Renderer.php(195): Dompdf\Renderer->render(Object(Dompdf\FrameDecorator\Block))
11 VENDORPATH\dompdf\dompdf\src\FrameReflower\Page.php(149): Dompdf\Renderer->render(Object(Dompdf\FrameDecorator\Block))
12 VENDORPATH\dompdf\dompdf\src\FrameDecorator\AbstractFrameDecorator.php(913): Dompdf\FrameReflower\Page->reflow(null)
13 VENDORPATH\dompdf\dompdf\src\Dompdf.php(765): Dompdf\FrameDecorator\AbstractFrameDecorator->reflow()
14 APPPATH\Controllers\DataPpoj.php(76): Dompdf\Dompdf->render()
15 SYSTEMPATH\CodeIgniter.php(932): App\Controllers\DataPpoj->DetailPpoj(' 179')
16 SYSTEMPATH\CodeIgniter.php(497): CodeIgniter\CodeIgniter->runController(Object(App\Controllers\DataPpoj))
17 SYSTEMPATH\CodeIgniter.php(366): CodeIgniter\CodeIgniter->handleRequest(null, Object(Config\Cache), false)
18 FCPATH\index.php(79): CodeIgniter\CodeIgniter->run()
