INFO - 2025-03-18 02:05:02 --> Session: Class initialized using 'CodeIgniter\Session\Handlers\FileHandler' driver.
INFO - 2025-03-18 02:05:02 --> Session: Class initialized using 'CodeIgniter\Session\Handlers\FileHandler' driver.
INFO - 2025-03-18 02:05:13 --> Session: Class initialized using 'CodeIgniter\Session\Handlers\FileHandler' driver.
ERROR - 2025-03-18 02:05:17 --> Error connecting to the database: mysqli_sql_exception: No connection could be made because the target machine actively refused it in C:\xampp\htdocs\e-reportruangan\system\Database\MySQLi\Connection.php:174
Stack trace:
#0 C:\xampp\htdocs\e-reportruangan\system\Database\MySQLi\Connection.php(174): mysqli->real_connect('localhost', 'root', '', 'validas1_ehm_re...', 3306, '', 0)
#1 C:\xampp\htdocs\e-reportruangan\system\Database\BaseConnection.php(391): CodeIgniter\Database\MySQLi\Connection->connect(false)
#2 C:\xampp\htdocs\e-reportruangan\system\Database\BaseConnection.php(574): CodeIgniter\Database\BaseConnection->initialize()
#3 C:\xampp\htdocs\e-reportruangan\system\Database\BaseBuilder.php(1616): CodeIgniter\Database\BaseConnection->query('SELECT *\nFROM `...', Array, false)
#4 C:\xampp\htdocs\e-reportruangan\system\Model.php(268): CodeIgniter\Database\BaseBuilder->get()
#5 C:\xampp\htdocs\e-reportruangan\system\BaseModel.php(656): CodeIgniter\Model->doFirst()
#6 C:\xampp\htdocs\e-reportruangan\app\Controllers\Auth.php(26): CodeIgniter\BaseModel->first()
#7 C:\xampp\htdocs\e-reportruangan\system\CodeIgniter.php(932): App\Controllers\Auth->Process_Login()
#8 C:\xampp\htdocs\e-reportruangan\system\CodeIgniter.php(497): CodeIgniter\CodeIgniter->runController(Object(App\Controllers\Auth))
#9 C:\xampp\htdocs\e-reportruangan\system\CodeIgniter.php(366): CodeIgniter\CodeIgniter->handleRequest(NULL, Object(Config\Cache), false)
#10 C:\xampp\htdocs\e-reportruangan\public\index.php(79): CodeIgniter\CodeIgniter->run()
#11 {main}

Next CodeIgniter\Database\Exceptions\DatabaseException: No connection could be made because the target machine actively refused it in C:\xampp\htdocs\e-reportruangan\system\Database\MySQLi\Connection.php:218
Stack trace:
#0 C:\xampp\htdocs\e-reportruangan\system\Database\BaseConnection.php(391): CodeIgniter\Database\MySQLi\Connection->connect(false)
#1 C:\xampp\htdocs\e-reportruangan\system\Database\BaseConnection.php(574): CodeIgniter\Database\BaseConnection->initialize()
#2 C:\xampp\htdocs\e-reportruangan\system\Database\BaseBuilder.php(1616): CodeIgniter\Database\BaseConnection->query('SELECT *\nFROM `...', Array, false)
#3 C:\xampp\htdocs\e-reportruangan\system\Model.php(268): CodeIgniter\Database\BaseBuilder->get()
#4 C:\xampp\htdocs\e-reportruangan\system\BaseModel.php(656): CodeIgniter\Model->doFirst()
#5 C:\xampp\htdocs\e-reportruangan\app\Controllers\Auth.php(26): CodeIgniter\BaseModel->first()
#6 C:\xampp\htdocs\e-reportruangan\system\CodeIgniter.php(932): App\Controllers\Auth->Process_Login()
#7 C:\xampp\htdocs\e-reportruangan\system\CodeIgniter.php(497): CodeIgniter\CodeIgniter->runController(Object(App\Controllers\Auth))
#8 C:\xampp\htdocs\e-reportruangan\system\CodeIgniter.php(366): CodeIgniter\CodeIgniter->handleRequest(NULL, Object(Config\Cache), false)
#9 C:\xampp\htdocs\e-reportruangan\public\index.php(79): CodeIgniter\CodeIgniter->run()
#10 {main}
CRITICAL - 2025-03-18 02:05:17 --> Unable to connect to the database.
Main connection [MySQLi]: No connection could be made because the target machine actively refused it
in SYSTEMPATH\Database\BaseConnection.php on line 427.
 1 SYSTEMPATH\Database\BaseConnection.php(574): CodeIgniter\Database\BaseConnection->initialize()
 2 SYSTEMPATH\Database\BaseBuilder.php(1616): CodeIgniter\Database\BaseConnection->query('SELECT *
FROM `user`
WHERE `username` = :username:
AND `password` = :password:
 LIMIT 1', [...], false)
 3 SYSTEMPATH\Model.php(268): CodeIgniter\Database\BaseBuilder->get()
 4 SYSTEMPATH\BaseModel.php(656): CodeIgniter\Model->doFirst()
 5 APPPATH\Controllers\Auth.php(26): CodeIgniter\BaseModel->first()
 6 SYSTEMPATH\CodeIgniter.php(932): App\Controllers\Auth->Process_Login()
 7 SYSTEMPATH\CodeIgniter.php(497): CodeIgniter\CodeIgniter->runController(Object(App\Controllers\Auth))
 8 SYSTEMPATH\CodeIgniter.php(366): CodeIgniter\CodeIgniter->handleRequest(null, Object(Config\Cache), false)
 9 FCPATH\index.php(79): CodeIgniter\CodeIgniter->run()
INFO - 2025-03-18 02:05:18 --> Session: Class initialized using 'CodeIgniter\Session\Handlers\FileHandler' driver.
ERROR - 2025-03-18 02:05:22 --> Error connecting to the database: mysqli_sql_exception: No connection could be made because the target machine actively refused it in C:\xampp\htdocs\e-reportruangan\system\Database\MySQLi\Connection.php:174
Stack trace:
#0 C:\xampp\htdocs\e-reportruangan\system\Database\MySQLi\Connection.php(174): mysqli->real_connect('localhost', 'root', '', 'validas1_ehm_re...', 3306, '', 0)
#1 C:\xampp\htdocs\e-reportruangan\system\Database\BaseConnection.php(391): CodeIgniter\Database\MySQLi\Connection->connect(false)
#2 C:\xampp\htdocs\e-reportruangan\system\Database\BaseConnection.php(574): CodeIgniter\Database\BaseConnection->initialize()
#3 C:\xampp\htdocs\e-reportruangan\system\Database\BaseBuilder.php(1616): CodeIgniter\Database\BaseConnection->query('SELECT *\nFROM `...', Array, false)
#4 C:\xampp\htdocs\e-reportruangan\system\Model.php(268): CodeIgniter\Database\BaseBuilder->get()
#5 C:\xampp\htdocs\e-reportruangan\system\BaseModel.php(656): CodeIgniter\Model->doFirst()
#6 C:\xampp\htdocs\e-reportruangan\app\Controllers\Auth.php(26): CodeIgniter\BaseModel->first()
#7 C:\xampp\htdocs\e-reportruangan\system\CodeIgniter.php(932): App\Controllers\Auth->Process_Login()
#8 C:\xampp\htdocs\e-reportruangan\system\CodeIgniter.php(497): CodeIgniter\CodeIgniter->runController(Object(App\Controllers\Auth))
#9 C:\xampp\htdocs\e-reportruangan\system\CodeIgniter.php(366): CodeIgniter\CodeIgniter->handleRequest(NULL, Object(Config\Cache), false)
#10 C:\xampp\htdocs\e-reportruangan\public\index.php(79): CodeIgniter\CodeIgniter->run()
#11 {main}

Next CodeIgniter\Database\Exceptions\DatabaseException: No connection could be made because the target machine actively refused it in C:\xampp\htdocs\e-reportruangan\system\Database\MySQLi\Connection.php:218
Stack trace:
#0 C:\xampp\htdocs\e-reportruangan\system\Database\BaseConnection.php(391): CodeIgniter\Database\MySQLi\Connection->connect(false)
#1 C:\xampp\htdocs\e-reportruangan\system\Database\BaseConnection.php(574): CodeIgniter\Database\BaseConnection->initialize()
#2 C:\xampp\htdocs\e-reportruangan\system\Database\BaseBuilder.php(1616): CodeIgniter\Database\BaseConnection->query('SELECT *\nFROM `...', Array, false)
#3 C:\xampp\htdocs\e-reportruangan\system\Model.php(268): CodeIgniter\Database\BaseBuilder->get()
#4 C:\xampp\htdocs\e-reportruangan\system\BaseModel.php(656): CodeIgniter\Model->doFirst()
#5 C:\xampp\htdocs\e-reportruangan\app\Controllers\Auth.php(26): CodeIgniter\BaseModel->first()
#6 C:\xampp\htdocs\e-reportruangan\system\CodeIgniter.php(932): App\Controllers\Auth->Process_Login()
#7 C:\xampp\htdocs\e-reportruangan\system\CodeIgniter.php(497): CodeIgniter\CodeIgniter->runController(Object(App\Controllers\Auth))
#8 C:\xampp\htdocs\e-reportruangan\system\CodeIgniter.php(366): CodeIgniter\CodeIgniter->handleRequest(NULL, Object(Config\Cache), false)
#9 C:\xampp\htdocs\e-reportruangan\public\index.php(79): CodeIgniter\CodeIgniter->run()
#10 {main}
CRITICAL - 2025-03-18 02:05:22 --> Unable to connect to the database.
Main connection [MySQLi]: No connection could be made because the target machine actively refused it
in SYSTEMPATH\Database\BaseConnection.php on line 427.
 1 SYSTEMPATH\Database\BaseConnection.php(574): CodeIgniter\Database\BaseConnection->initialize()
 2 SYSTEMPATH\Database\BaseBuilder.php(1616): CodeIgniter\Database\BaseConnection->query('SELECT *
FROM `user`
WHERE `username` = :username:
AND `password` = :password:
 LIMIT 1', [...], false)
 3 SYSTEMPATH\Model.php(268): CodeIgniter\Database\BaseBuilder->get()
 4 SYSTEMPATH\BaseModel.php(656): CodeIgniter\Model->doFirst()
 5 APPPATH\Controllers\Auth.php(26): CodeIgniter\BaseModel->first()
 6 SYSTEMPATH\CodeIgniter.php(932): App\Controllers\Auth->Process_Login()
 7 SYSTEMPATH\CodeIgniter.php(497): CodeIgniter\CodeIgniter->runController(Object(App\Controllers\Auth))
 8 SYSTEMPATH\CodeIgniter.php(366): CodeIgniter\CodeIgniter->handleRequest(null, Object(Config\Cache), false)
 9 FCPATH\index.php(79): CodeIgniter\CodeIgniter->run()
INFO - 2025-03-18 02:05:43 --> Session: Class initialized using 'CodeIgniter\Session\Handlers\FileHandler' driver.
INFO - 2025-03-18 02:05:43 --> Session: Class initialized using 'CodeIgniter\Session\Handlers\FileHandler' driver.
INFO - 2025-03-18 02:05:49 --> Session: Class initialized using 'CodeIgniter\Session\Handlers\FileHandler' driver.
INFO - 2025-03-18 02:05:51 --> Session: Class initialized using 'CodeIgniter\Session\Handlers\FileHandler' driver.
INFO - 2025-03-18 02:05:54 --> Session: Class initialized using 'CodeIgniter\Session\Handlers\FileHandler' driver.
INFO - 2025-03-18 02:05:57 --> Session: Class initialized using 'CodeIgniter\Session\Handlers\FileHandler' driver.
CRITICAL - 2025-03-18 02:05:59 --> The PHP GD extension is required, but is not installed.
in VENDORPATH\dompdf\dompdf\lib\Cpdf.php on line 5813.
 1 VENDORPATH\dompdf\dompdf\src\Adapter\CPDF.php(669): Dompdf\Cpdf->addPngFromFile('C:\\Users\\ASUS\\AppData\\Local\\Temp\\ca_A8B2.tmp', 56.02931102362204, 503.5142519685039, 150.0, 56.25)
 2 VENDORPATH\dompdf\dompdf\src\Renderer\Image.php(65): Dompdf\Adapter\CPDF->image('C:\\Users\\ASUS\\AppData\\Local\\Temp\\ca_A8B2.tmp', 56.02931102362204, 35.51574803149606, 150.0, 56.25, 'normal')
 3 VENDORPATH\dompdf\dompdf\src\Renderer.php(289): Dompdf\Renderer\Image->render(Object(Dompdf\FrameDecorator\Image))
 4 VENDORPATH\dompdf\dompdf\src\Renderer.php(128): Dompdf\Renderer->_render_frame('image', Object(Dompdf\FrameDecorator\Image))
 5 VENDORPATH\dompdf\dompdf\src\Renderer.php(195): Dompdf\Renderer->render(Object(Dompdf\FrameDecorator\Image))
 6 VENDORPATH\dompdf\dompdf\src\Renderer.php(195): Dompdf\Renderer->render(Object(Dompdf\FrameDecorator\TableCell))
 7 VENDORPATH\dompdf\dompdf\src\Renderer.php(195): Dompdf\Renderer->render(Object(Dompdf\FrameDecorator\TableRow))
 8 VENDORPATH\dompdf\dompdf\src\Renderer.php(195): Dompdf\Renderer->render(Object(Dompdf\FrameDecorator\TableRowGroup))
 9 VENDORPATH\dompdf\dompdf\src\Renderer.php(195): Dompdf\Renderer->render(Object(Dompdf\FrameDecorator\Table))
10 VENDORPATH\dompdf\dompdf\src\Renderer.php(195): Dompdf\Renderer->render(Object(Dompdf\FrameDecorator\Block))
11 VENDORPATH\dompdf\dompdf\src\FrameReflower\Page.php(149): Dompdf\Renderer->render(Object(Dompdf\FrameDecorator\Block))
12 VENDORPATH\dompdf\dompdf\src\FrameDecorator\AbstractFrameDecorator.php(913): Dompdf\FrameReflower\Page->reflow(null)
13 VENDORPATH\dompdf\dompdf\src\Dompdf.php(765): Dompdf\FrameDecorator\AbstractFrameDecorator->reflow()
14 APPPATH\Controllers\DataPpoj.php(76): Dompdf\Dompdf->render()
15 SYSTEMPATH\CodeIgniter.php(932): App\Controllers\DataPpoj->DetailPpoj(' 141')
16 SYSTEMPATH\CodeIgniter.php(497): CodeIgniter\CodeIgniter->runController(Object(App\Controllers\DataPpoj))
17 SYSTEMPATH\CodeIgniter.php(366): CodeIgniter\CodeIgniter->handleRequest(null, Object(Config\Cache), false)
18 FCPATH\index.php(79): CodeIgniter\CodeIgniter->run()
INFO - 2025-03-18 02:18:57 --> Session: Class initialized using 'CodeIgniter\Session\Handlers\FileHandler' driver.
INFO - 2025-03-18 02:19:06 --> Session: Class initialized using 'CodeIgniter\Session\Handlers\FileHandler' driver.
INFO - 2025-03-18 02:19:07 --> Session: Class initialized using 'CodeIgniter\Session\Handlers\FileHandler' driver.
INFO - 2025-03-18 02:19:16 --> Session: Class initialized using 'CodeIgniter\Session\Handlers\FileHandler' driver.
INFO - 2025-03-18 02:19:16 --> Session: Class initialized using 'CodeIgniter\Session\Handlers\FileHandler' driver.
INFO - 2025-03-18 02:19:24 --> Session: Class initialized using 'CodeIgniter\Session\Handlers\FileHandler' driver.
INFO - 2025-03-18 02:19:38 --> Session: Class initialized using 'CodeIgniter\Session\Handlers\FileHandler' driver.
INFO - 2025-03-18 02:19:42 --> Session: Class initialized using 'CodeIgniter\Session\Handlers\FileHandler' driver.
INFO - 2025-03-18 02:19:47 --> Session: Class initialized using 'CodeIgniter\Session\Handlers\FileHandler' driver.
INFO - 2025-03-18 02:20:00 --> Session: Class initialized using 'CodeIgniter\Session\Handlers\FileHandler' driver.
CRITICAL - 2025-03-18 02:20:01 --> The PHP GD extension is required, but is not installed.
in VENDORPATH\dompdf\dompdf\lib\Cpdf.php on line 5813.
 1 VENDORPATH\dompdf\dompdf\src\Adapter\CPDF.php(669): Dompdf\Cpdf->addPngFromFile('C:\\Users\\ASUS\\AppData\\Local\\Temp\\ca_833B.tmp', 56.02931102362204, 503.5142519685039, 150.0, 56.25)
 2 VENDORPATH\dompdf\dompdf\src\Renderer\Image.php(65): Dompdf\Adapter\CPDF->image('C:\\Users\\ASUS\\AppData\\Local\\Temp\\ca_833B.tmp', 56.02931102362204, 35.51574803149606, 150.0, 56.25, 'normal')
 3 VENDORPATH\dompdf\dompdf\src\Renderer.php(289): Dompdf\Renderer\Image->render(Object(Dompdf\FrameDecorator\Image))
 4 VENDORPATH\dompdf\dompdf\src\Renderer.php(128): Dompdf\Renderer->_render_frame('image', Object(Dompdf\FrameDecorator\Image))
 5 VENDORPATH\dompdf\dompdf\src\Renderer.php(195): Dompdf\Renderer->render(Object(Dompdf\FrameDecorator\Image))
 6 VENDORPATH\dompdf\dompdf\src\Renderer.php(195): Dompdf\Renderer->render(Object(Dompdf\FrameDecorator\TableCell))
 7 VENDORPATH\dompdf\dompdf\src\Renderer.php(195): Dompdf\Renderer->render(Object(Dompdf\FrameDecorator\TableRow))
 8 VENDORPATH\dompdf\dompdf\src\Renderer.php(195): Dompdf\Renderer->render(Object(Dompdf\FrameDecorator\TableRowGroup))
 9 VENDORPATH\dompdf\dompdf\src\Renderer.php(195): Dompdf\Renderer->render(Object(Dompdf\FrameDecorator\Table))
10 VENDORPATH\dompdf\dompdf\src\Renderer.php(195): Dompdf\Renderer->render(Object(Dompdf\FrameDecorator\Block))
11 VENDORPATH\dompdf\dompdf\src\FrameReflower\Page.php(149): Dompdf\Renderer->render(Object(Dompdf\FrameDecorator\Block))
12 VENDORPATH\dompdf\dompdf\src\FrameDecorator\AbstractFrameDecorator.php(913): Dompdf\FrameReflower\Page->reflow(null)
13 VENDORPATH\dompdf\dompdf\src\Dompdf.php(765): Dompdf\FrameDecorator\AbstractFrameDecorator->reflow()
14 APPPATH\Controllers\DataPpoj.php(76): Dompdf\Dompdf->render()
15 SYSTEMPATH\CodeIgniter.php(932): App\Controllers\DataPpoj->DetailPpoj(' 141')
16 SYSTEMPATH\CodeIgniter.php(497): CodeIgniter\CodeIgniter->runController(Object(App\Controllers\DataPpoj))
17 SYSTEMPATH\CodeIgniter.php(366): CodeIgniter\CodeIgniter->handleRequest(null, Object(Config\Cache), false)
18 FCPATH\index.php(79): CodeIgniter\CodeIgniter->run()
INFO - 2025-03-18 02:27:09 --> Session: Class initialized using 'CodeIgniter\Session\Handlers\FileHandler' driver.
INFO - 2025-03-18 02:27:09 --> Session: Class initialized using 'CodeIgniter\Session\Handlers\FileHandler' driver.
INFO - 2025-03-18 02:27:22 --> Session: Class initialized using 'CodeIgniter\Session\Handlers\FileHandler' driver.
INFO - 2025-03-18 02:27:22 --> Session: Class initialized using 'CodeIgniter\Session\Handlers\FileHandler' driver.
INFO - 2025-03-18 02:27:30 --> Session: Class initialized using 'CodeIgniter\Session\Handlers\FileHandler' driver.
INFO - 2025-03-18 02:27:35 --> Session: Class initialized using 'CodeIgniter\Session\Handlers\FileHandler' driver.
INFO - 2025-03-18 02:27:42 --> Session: Class initialized using 'CodeIgniter\Session\Handlers\FileHandler' driver.
INFO - 2025-03-18 02:27:51 --> Session: Class initialized using 'CodeIgniter\Session\Handlers\FileHandler' driver.
CRITICAL - 2025-03-18 02:27:52 --> The PHP GD extension is required, but is not installed.
in VENDORPATH\dompdf\dompdf\lib\Cpdf.php on line 5813.
 1 VENDORPATH\dompdf\dompdf\src\Adapter\CPDF.php(669): Dompdf\Cpdf->addPngFromFile('C:\\Users\\ASUS\\AppData\\Local\\Temp\\ca_B383.tmp', 56.02931102362204, 503.5142519685039, 150.0, 56.25)
 2 VENDORPATH\dompdf\dompdf\src\Renderer\Image.php(65): Dompdf\Adapter\CPDF->image('C:\\Users\\ASUS\\AppData\\Local\\Temp\\ca_B383.tmp', 56.02931102362204, 35.51574803149606, 150.0, 56.25, 'normal')
 3 VENDORPATH\dompdf\dompdf\src\Renderer.php(289): Dompdf\Renderer\Image->render(Object(Dompdf\FrameDecorator\Image))
 4 VENDORPATH\dompdf\dompdf\src\Renderer.php(128): Dompdf\Renderer->_render_frame('image', Object(Dompdf\FrameDecorator\Image))
 5 VENDORPATH\dompdf\dompdf\src\Renderer.php(195): Dompdf\Renderer->render(Object(Dompdf\FrameDecorator\Image))
 6 VENDORPATH\dompdf\dompdf\src\Renderer.php(195): Dompdf\Renderer->render(Object(Dompdf\FrameDecorator\TableCell))
 7 VENDORPATH\dompdf\dompdf\src\Renderer.php(195): Dompdf\Renderer->render(Object(Dompdf\FrameDecorator\TableRow))
 8 VENDORPATH\dompdf\dompdf\src\Renderer.php(195): Dompdf\Renderer->render(Object(Dompdf\FrameDecorator\TableRowGroup))
 9 VENDORPATH\dompdf\dompdf\src\Renderer.php(195): Dompdf\Renderer->render(Object(Dompdf\FrameDecorator\Table))
10 VENDORPATH\dompdf\dompdf\src\Renderer.php(195): Dompdf\Renderer->render(Object(Dompdf\FrameDecorator\Block))
11 VENDORPATH\dompdf\dompdf\src\FrameReflower\Page.php(149): Dompdf\Renderer->render(Object(Dompdf\FrameDecorator\Block))
12 VENDORPATH\dompdf\dompdf\src\FrameDecorator\AbstractFrameDecorator.php(913): Dompdf\FrameReflower\Page->reflow(null)
13 VENDORPATH\dompdf\dompdf\src\Dompdf.php(765): Dompdf\FrameDecorator\AbstractFrameDecorator->reflow()
14 APPPATH\Controllers\DataPpoj.php(76): Dompdf\Dompdf->render()
15 SYSTEMPATH\CodeIgniter.php(932): App\Controllers\DataPpoj->DetailPpoj(' 141')
16 SYSTEMPATH\CodeIgniter.php(497): CodeIgniter\CodeIgniter->runController(Object(App\Controllers\DataPpoj))
17 SYSTEMPATH\CodeIgniter.php(366): CodeIgniter\CodeIgniter->handleRequest(null, Object(Config\Cache), false)
18 FCPATH\index.php(79): CodeIgniter\CodeIgniter->run()
INFO - 2025-03-18 02:49:17 --> Session: Class initialized using 'CodeIgniter\Session\Handlers\FileHandler' driver.
INFO - 2025-03-18 02:49:29 --> Session: Class initialized using 'CodeIgniter\Session\Handlers\FileHandler' driver.
INFO - 2025-03-18 02:49:32 --> Session: Class initialized using 'CodeIgniter\Session\Handlers\FileHandler' driver.
INFO - 2025-03-18 02:49:38 --> Session: Class initialized using 'CodeIgniter\Session\Handlers\FileHandler' driver.
INFO - 2025-03-18 02:49:38 --> Session: Class initialized using 'CodeIgniter\Session\Handlers\FileHandler' driver.
INFO - 2025-03-18 02:49:39 --> Session: Class initialized using 'CodeIgniter\Session\Handlers\FileHandler' driver.
INFO - 2025-03-18 02:49:44 --> Session: Class initialized using 'CodeIgniter\Session\Handlers\FileHandler' driver.
INFO - 2025-03-18 02:49:44 --> Session: Class initialized using 'CodeIgniter\Session\Handlers\FileHandler' driver.
INFO - 2025-03-18 02:49:46 --> Session: Class initialized using 'CodeIgniter\Session\Handlers\FileHandler' driver.
INFO - 2025-03-18 02:49:47 --> Session: Class initialized using 'CodeIgniter\Session\Handlers\FileHandler' driver.
INFO - 2025-03-18 02:49:49 --> Session: Class initialized using 'CodeIgniter\Session\Handlers\FileHandler' driver.
INFO - 2025-03-18 02:49:52 --> Session: Class initialized using 'CodeIgniter\Session\Handlers\FileHandler' driver.
INFO - 2025-03-18 02:49:54 --> Session: Class initialized using 'CodeIgniter\Session\Handlers\FileHandler' driver.
CRITICAL - 2025-03-18 02:49:57 --> The PHP GD extension is required, but is not installed.
in VENDORPATH\dompdf\dompdf\lib\Cpdf.php on line 5813.
 1 VENDORPATH\dompdf\dompdf\src\Adapter\CPDF.php(669): Dompdf\Cpdf->addPngFromFile('C:\\Users\\ASUS\\AppData\\Local\\Temp\\ca_81E7.tmp', 56.02931102362204, 503.5142519685039, 150.0, 56.25)
 2 VENDORPATH\dompdf\dompdf\src\Renderer\Image.php(65): Dompdf\Adapter\CPDF->image('C:\\Users\\ASUS\\AppData\\Local\\Temp\\ca_81E7.tmp', 56.02931102362204, 35.51574803149606, 150.0, 56.25, 'normal')
 3 VENDORPATH\dompdf\dompdf\src\Renderer.php(289): Dompdf\Renderer\Image->render(Object(Dompdf\FrameDecorator\Image))
 4 VENDORPATH\dompdf\dompdf\src\Renderer.php(128): Dompdf\Renderer->_render_frame('image', Object(Dompdf\FrameDecorator\Image))
 5 VENDORPATH\dompdf\dompdf\src\Renderer.php(195): Dompdf\Renderer->render(Object(Dompdf\FrameDecorator\Image))
 6 VENDORPATH\dompdf\dompdf\src\Renderer.php(195): Dompdf\Renderer->render(Object(Dompdf\FrameDecorator\TableCell))
 7 VENDORPATH\dompdf\dompdf\src\Renderer.php(195): Dompdf\Renderer->render(Object(Dompdf\FrameDecorator\TableRow))
 8 VENDORPATH\dompdf\dompdf\src\Renderer.php(195): Dompdf\Renderer->render(Object(Dompdf\FrameDecorator\TableRowGroup))
 9 VENDORPATH\dompdf\dompdf\src\Renderer.php(195): Dompdf\Renderer->render(Object(Dompdf\FrameDecorator\Table))
10 VENDORPATH\dompdf\dompdf\src\Renderer.php(195): Dompdf\Renderer->render(Object(Dompdf\FrameDecorator\Block))
11 VENDORPATH\dompdf\dompdf\src\FrameReflower\Page.php(149): Dompdf\Renderer->render(Object(Dompdf\FrameDecorator\Block))
12 VENDORPATH\dompdf\dompdf\src\FrameDecorator\AbstractFrameDecorator.php(913): Dompdf\FrameReflower\Page->reflow(null)
13 VENDORPATH\dompdf\dompdf\src\Dompdf.php(765): Dompdf\FrameDecorator\AbstractFrameDecorator->reflow()
14 APPPATH\Controllers\DataPpoj.php(76): Dompdf\Dompdf->render()
15 SYSTEMPATH\CodeIgniter.php(932): App\Controllers\DataPpoj->DetailPpoj(' 141')
16 SYSTEMPATH\CodeIgniter.php(497): CodeIgniter\CodeIgniter->runController(Object(App\Controllers\DataPpoj))
17 SYSTEMPATH\CodeIgniter.php(366): CodeIgniter\CodeIgniter->handleRequest(null, Object(Config\Cache), false)
18 FCPATH\index.php(79): CodeIgniter\CodeIgniter->run()
INFO - 2025-03-18 02:54:38 --> Session: Class initialized using 'CodeIgniter\Session\Handlers\FileHandler' driver.
INFO - 2025-03-18 02:54:48 --> Session: Class initialized using 'CodeIgniter\Session\Handlers\FileHandler' driver.
INFO - 2025-03-18 02:54:56 --> Session: Class initialized using 'CodeIgniter\Session\Handlers\FileHandler' driver.
INFO - 2025-03-18 02:54:56 --> Session: Class initialized using 'CodeIgniter\Session\Handlers\FileHandler' driver.
INFO - 2025-03-18 02:55:23 --> Session: Class initialized using 'CodeIgniter\Session\Handlers\FileHandler' driver.
INFO - 2025-03-18 02:55:27 --> Session: Class initialized using 'CodeIgniter\Session\Handlers\FileHandler' driver.
INFO - 2025-03-18 02:55:29 --> Session: Class initialized using 'CodeIgniter\Session\Handlers\FileHandler' driver.
INFO - 2025-03-18 02:56:06 --> Session: Class initialized using 'CodeIgniter\Session\Handlers\FileHandler' driver.
CRITICAL - 2025-03-18 02:56:07 --> The PHP GD extension is required, but is not installed.
in VENDORPATH\dompdf\dompdf\lib\Cpdf.php on line 5813.
 1 VENDORPATH\dompdf\dompdf\src\Adapter\CPDF.php(669): Dompdf\Cpdf->addPngFromFile('C:\\Users\\ASUS\\AppData\\Local\\Temp\\ca_2814.tmp', 56.02931102362204, 503.5142519685039, 150.0, 56.25)
 2 VENDORPATH\dompdf\dompdf\src\Renderer\Image.php(65): Dompdf\Adapter\CPDF->image('C:\\Users\\ASUS\\AppData\\Local\\Temp\\ca_2814.tmp', 56.02931102362204, 35.51574803149606, 150.0, 56.25, 'normal')
 3 VENDORPATH\dompdf\dompdf\src\Renderer.php(289): Dompdf\Renderer\Image->render(Object(Dompdf\FrameDecorator\Image))
 4 VENDORPATH\dompdf\dompdf\src\Renderer.php(128): Dompdf\Renderer->_render_frame('image', Object(Dompdf\FrameDecorator\Image))
 5 VENDORPATH\dompdf\dompdf\src\Renderer.php(195): Dompdf\Renderer->render(Object(Dompdf\FrameDecorator\Image))
 6 VENDORPATH\dompdf\dompdf\src\Renderer.php(195): Dompdf\Renderer->render(Object(Dompdf\FrameDecorator\TableCell))
 7 VENDORPATH\dompdf\dompdf\src\Renderer.php(195): Dompdf\Renderer->render(Object(Dompdf\FrameDecorator\TableRow))
 8 VENDORPATH\dompdf\dompdf\src\Renderer.php(195): Dompdf\Renderer->render(Object(Dompdf\FrameDecorator\TableRowGroup))
 9 VENDORPATH\dompdf\dompdf\src\Renderer.php(195): Dompdf\Renderer->render(Object(Dompdf\FrameDecorator\Table))
10 VENDORPATH\dompdf\dompdf\src\Renderer.php(195): Dompdf\Renderer->render(Object(Dompdf\FrameDecorator\Block))
11 VENDORPATH\dompdf\dompdf\src\FrameReflower\Page.php(149): Dompdf\Renderer->render(Object(Dompdf\FrameDecorator\Block))
12 VENDORPATH\dompdf\dompdf\src\FrameDecorator\AbstractFrameDecorator.php(913): Dompdf\FrameReflower\Page->reflow(null)
13 VENDORPATH\dompdf\dompdf\src\Dompdf.php(765): Dompdf\FrameDecorator\AbstractFrameDecorator->reflow()
14 APPPATH\Controllers\DataPpoj.php(76): Dompdf\Dompdf->render()
15 SYSTEMPATH\CodeIgniter.php(932): App\Controllers\DataPpoj->DetailPpoj(' 141')
16 SYSTEMPATH\CodeIgniter.php(497): CodeIgniter\CodeIgniter->runController(Object(App\Controllers\DataPpoj))
17 SYSTEMPATH\CodeIgniter.php(366): CodeIgniter\CodeIgniter->handleRequest(null, Object(Config\Cache), false)
18 FCPATH\index.php(79): CodeIgniter\CodeIgniter->run()
INFO - 2025-03-18 03:19:10 --> Session: Class initialized using 'CodeIgniter\Session\Handlers\FileHandler' driver.
INFO - 2025-03-18 03:22:49 --> Session: Class initialized using 'CodeIgniter\Session\Handlers\FileHandler' driver.
INFO - 2025-03-18 03:22:52 --> Session: Class initialized using 'CodeIgniter\Session\Handlers\FileHandler' driver.
INFO - 2025-03-18 03:22:55 --> Session: Class initialized using 'CodeIgniter\Session\Handlers\FileHandler' driver.
INFO - 2025-03-18 03:23:01 --> Session: Class initialized using 'CodeIgniter\Session\Handlers\FileHandler' driver.
INFO - 2025-03-18 03:23:05 --> Session: Class initialized using 'CodeIgniter\Session\Handlers\FileHandler' driver.
INFO - 2025-03-18 03:23:06 --> Session: Class initialized using 'CodeIgniter\Session\Handlers\FileHandler' driver.
INFO - 2025-03-18 03:23:09 --> Session: Class initialized using 'CodeIgniter\Session\Handlers\FileHandler' driver.
CRITICAL - 2025-03-18 03:23:09 --> The PHP GD extension is required, but is not installed.
in VENDORPATH\dompdf\dompdf\lib\Cpdf.php on line 5813.
 1 VENDORPATH\dompdf\dompdf\src\Adapter\CPDF.php(669): Dompdf\Cpdf->addPngFromFile('C:\\Users\\ASUS\\AppData\\Local\\Temp\\ca_E8EE.tmp', 56.02931102362204, 503.5142519685039, 150.0, 56.25)
 2 VENDORPATH\dompdf\dompdf\src\Renderer\Image.php(65): Dompdf\Adapter\CPDF->image('C:\\Users\\ASUS\\AppData\\Local\\Temp\\ca_E8EE.tmp', 56.02931102362204, 35.51574803149606, 150.0, 56.25, 'normal')
 3 VENDORPATH\dompdf\dompdf\src\Renderer.php(289): Dompdf\Renderer\Image->render(Object(Dompdf\FrameDecorator\Image))
 4 VENDORPATH\dompdf\dompdf\src\Renderer.php(128): Dompdf\Renderer->_render_frame('image', Object(Dompdf\FrameDecorator\Image))
 5 VENDORPATH\dompdf\dompdf\src\Renderer.php(195): Dompdf\Renderer->render(Object(Dompdf\FrameDecorator\Image))
 6 VENDORPATH\dompdf\dompdf\src\Renderer.php(195): Dompdf\Renderer->render(Object(Dompdf\FrameDecorator\TableCell))
 7 VENDORPATH\dompdf\dompdf\src\Renderer.php(195): Dompdf\Renderer->render(Object(Dompdf\FrameDecorator\TableRow))
 8 VENDORPATH\dompdf\dompdf\src\Renderer.php(195): Dompdf\Renderer->render(Object(Dompdf\FrameDecorator\TableRowGroup))
 9 VENDORPATH\dompdf\dompdf\src\Renderer.php(195): Dompdf\Renderer->render(Object(Dompdf\FrameDecorator\Table))
10 VENDORPATH\dompdf\dompdf\src\Renderer.php(195): Dompdf\Renderer->render(Object(Dompdf\FrameDecorator\Block))
11 VENDORPATH\dompdf\dompdf\src\FrameReflower\Page.php(149): Dompdf\Renderer->render(Object(Dompdf\FrameDecorator\Block))
12 VENDORPATH\dompdf\dompdf\src\FrameDecorator\AbstractFrameDecorator.php(913): Dompdf\FrameReflower\Page->reflow(null)
13 VENDORPATH\dompdf\dompdf\src\Dompdf.php(765): Dompdf\FrameDecorator\AbstractFrameDecorator->reflow()
14 APPPATH\Controllers\DataPpoj.php(76): Dompdf\Dompdf->render()
15 SYSTEMPATH\CodeIgniter.php(932): App\Controllers\DataPpoj->DetailPpoj(' 141')
16 SYSTEMPATH\CodeIgniter.php(497): CodeIgniter\CodeIgniter->runController(Object(App\Controllers\DataPpoj))
17 SYSTEMPATH\CodeIgniter.php(366): CodeIgniter\CodeIgniter->handleRequest(null, Object(Config\Cache), false)
18 FCPATH\index.php(79): CodeIgniter\CodeIgniter->run()
INFO - 2025-03-18 03:32:14 --> Session: Class initialized using 'CodeIgniter\Session\Handlers\FileHandler' driver.
INFO - 2025-03-18 03:32:15 --> Session: Class initialized using 'CodeIgniter\Session\Handlers\FileHandler' driver.
INFO - 2025-03-18 03:32:21 --> Session: Class initialized using 'CodeIgniter\Session\Handlers\FileHandler' driver.
INFO - 2025-03-18 03:32:32 --> Session: Class initialized using 'CodeIgniter\Session\Handlers\FileHandler' driver.
INFO - 2025-03-18 03:32:39 --> Session: Class initialized using 'CodeIgniter\Session\Handlers\FileHandler' driver.
INFO - 2025-03-18 03:32:43 --> Session: Class initialized using 'CodeIgniter\Session\Handlers\FileHandler' driver.
INFO - 2025-03-18 03:34:25 --> Session: Class initialized using 'CodeIgniter\Session\Handlers\FileHandler' driver.
INFO - 2025-03-18 03:34:29 --> Session: Class initialized using 'CodeIgniter\Session\Handlers\FileHandler' driver.
INFO - 2025-03-18 04:30:42 --> Session: Class initialized using 'CodeIgniter\Session\Handlers\FileHandler' driver.
