INFO - 2024-05-02 00:37:16 --> Session: Class initialized using 'CodeIgniter\Session\Handlers\FileHandler' driver.
INFO - 2024-05-02 00:38:20 --> Session: Class initialized using 'CodeIgniter\Session\Handlers\FileHandler' driver.
INFO - 2024-05-02 00:38:20 --> Session: Class initialized using 'CodeIgniter\Session\Handlers\FileHandler' driver.
INFO - 2024-05-02 00:38:24 --> Session: Class initialized using 'CodeIgniter\Session\Handlers\FileHandler' driver.
INFO - 2024-05-02 02:28:40 --> Session: Class initialized using 'CodeIgniter\Session\Handlers\FileHandler' driver.
INFO - 2024-05-02 02:28:40 --> Session: Class initialized using 'CodeIgniter\Session\Handlers\FileHandler' driver.
INFO - 2024-05-02 02:28:44 --> Session: Class initialized using 'CodeIgniter\Session\Handlers\FileHandler' driver.
INFO - 2024-05-02 02:28:44 --> Session: Class initialized using 'CodeIgniter\Session\Handlers\FileHandler' driver.
INFO - 2024-05-02 02:28:58 --> Session: Class initialized using 'CodeIgniter\Session\Handlers\FileHandler' driver.
INFO - 2024-05-02 02:29:01 --> Session: Class initialized using 'CodeIgniter\Session\Handlers\FileHandler' driver.
INFO - 2024-05-02 02:29:03 --> Session: Class initialized using 'CodeIgniter\Session\Handlers\FileHandler' driver.
INFO - 2024-05-02 02:29:07 --> Session: Class initialized using 'CodeIgniter\Session\Handlers\FileHandler' driver.
INFO - 2024-05-02 03:27:32 --> Session: Class initialized using 'CodeIgniter\Session\Handlers\FileHandler' driver.
INFO - 2024-05-02 03:27:32 --> Session: Class initialized using 'CodeIgniter\Session\Handlers\FileHandler' driver.
INFO - 2024-05-02 03:27:34 --> Session: Class initialized using 'CodeIgniter\Session\Handlers\FileHandler' driver.
INFO - 2024-05-02 03:27:37 --> Session: Class initialized using 'CodeIgniter\Session\Handlers\FileHandler' driver.
INFO - 2024-05-02 03:27:40 --> Session: Class initialized using 'CodeIgniter\Session\Handlers\FileHandler' driver.
INFO - 2024-05-02 03:30:14 --> Session: Class initialized using 'CodeIgniter\Session\Handlers\FileHandler' driver.
INFO - 2024-05-02 03:30:16 --> Session: Class initialized using 'CodeIgniter\Session\Handlers\FileHandler' driver.
INFO - 2024-05-02 03:33:39 --> Session: Class initialized using 'CodeIgniter\Session\Handlers\FileHandler' driver.
INFO - 2024-05-02 03:33:41 --> Session: Class initialized using 'CodeIgniter\Session\Handlers\FileHandler' driver.
INFO - 2024-05-02 03:33:45 --> Session: Class initialized using 'CodeIgniter\Session\Handlers\FileHandler' driver.
INFO - 2024-05-02 03:47:29 --> Session: Class initialized using 'CodeIgniter\Session\Handlers\FileHandler' driver.
INFO - 2024-05-02 05:25:06 --> Session: Class initialized using 'CodeIgniter\Session\Handlers\FileHandler' driver.
INFO - 2024-05-02 05:25:06 --> Session: Class initialized using 'CodeIgniter\Session\Handlers\FileHandler' driver.
INFO - 2024-05-02 05:25:11 --> Session: Class initialized using 'CodeIgniter\Session\Handlers\FileHandler' driver.
INFO - 2024-05-02 05:25:11 --> Session: Class initialized using 'CodeIgniter\Session\Handlers\FileHandler' driver.
INFO - 2024-05-02 05:42:04 --> Session: Class initialized using 'CodeIgniter\Session\Handlers\FileHandler' driver.
INFO - 2024-05-02 07:12:35 --> Session: Class initialized using 'CodeIgniter\Session\Handlers\FileHandler' driver.
INFO - 2024-05-02 07:17:42 --> Session: Class initialized using 'CodeIgniter\Session\Handlers\FileHandler' driver.
INFO - 2024-05-02 07:17:42 --> Session: Class initialized using 'CodeIgniter\Session\Handlers\FileHandler' driver.
INFO - 2024-05-02 07:17:45 --> Session: Class initialized using 'CodeIgniter\Session\Handlers\FileHandler' driver.
INFO - 2024-05-02 07:17:46 --> Session: Class initialized using 'CodeIgniter\Session\Handlers\FileHandler' driver.
INFO - 2024-05-02 07:17:47 --> Session: Class initialized using 'CodeIgniter\Session\Handlers\FileHandler' driver.
INFO - 2024-05-02 07:17:49 --> Session: Class initialized using 'CodeIgniter\Session\Handlers\FileHandler' driver.
INFO - 2024-05-02 07:17:51 --> Session: Class initialized using 'CodeIgniter\Session\Handlers\FileHandler' driver.
INFO - 2024-05-02 07:17:52 --> Session: Class initialized using 'CodeIgniter\Session\Handlers\FileHandler' driver.
INFO - 2024-05-02 07:17:53 --> Session: Class initialized using 'CodeIgniter\Session\Handlers\FileHandler' driver.
INFO - 2024-05-02 07:17:56 --> Session: Class initialized using 'CodeIgniter\Session\Handlers\FileHandler' driver.
INFO - 2024-05-02 07:18:00 --> Session: Class initialized using 'CodeIgniter\Session\Handlers\FileHandler' driver.
INFO - 2024-05-02 07:18:06 --> Session: Class initialized using 'CodeIgniter\Session\Handlers\FileHandler' driver.
INFO - 2024-05-02 07:18:07 --> Session: Class initialized using 'CodeIgniter\Session\Handlers\FileHandler' driver.
INFO - 2024-05-02 07:22:23 --> Session: Class initialized using 'CodeIgniter\Session\Handlers\FileHandler' driver.
INFO - 2024-05-02 07:26:33 --> Session: Class initialized using 'CodeIgniter\Session\Handlers\FileHandler' driver.
INFO - 2024-05-02 07:26:33 --> Session: Class initialized using 'CodeIgniter\Session\Handlers\FileHandler' driver.
INFO - 2024-05-02 07:26:35 --> Session: Class initialized using 'CodeIgniter\Session\Handlers\FileHandler' driver.
INFO - 2024-05-02 07:26:36 --> Session: Class initialized using 'CodeIgniter\Session\Handlers\FileHandler' driver.
INFO - 2024-05-02 07:26:38 --> Session: Class initialized using 'CodeIgniter\Session\Handlers\FileHandler' driver.
INFO - 2024-05-02 07:27:21 --> Session: Class initialized using 'CodeIgniter\Session\Handlers\FileHandler' driver.
INFO - 2024-05-02 07:27:23 --> Session: Class initialized using 'CodeIgniter\Session\Handlers\FileHandler' driver.
INFO - 2024-05-02 07:27:25 --> Session: Class initialized using 'CodeIgniter\Session\Handlers\FileHandler' driver.
INFO - 2024-05-02 07:27:53 --> Session: Class initialized using 'CodeIgniter\Session\Handlers\FileHandler' driver.
ERROR - 2024-05-02 07:27:53 --> mysqli_sql_exception: Table 'validas1_ehm_report.SUHU' doesn't exist in /home/validas1/ci4_core/system/Database/MySQLi/Connection.php:295
Stack trace:
#0 /home/validas1/ci4_core/system/Database/MySQLi/Connection.php(295): mysqli->query('SELECT \t\t \r\n   ...', 0)
#1 /home/validas1/ci4_core/system/Database/BaseConnection.php(692): CodeIgniter\Database\MySQLi\Connection->execute('SELECT \t\t \r\n   ...')
#2 /home/validas1/ci4_core/system/Database/BaseConnection.php(606): CodeIgniter\Database\BaseConnection->simpleQuery('SELECT \t\t \r\n   ...')
#3 /home/validas1/ci4_core/app/Models/PpojModel.php(373): CodeIgniter\Database\BaseConnection->query('SELECT \t\t \r\n   ...')
#4 /home/validas1/ci4_core/app/Models/PpojModel.php(344): App\Models\PpojModel->DataSuhuRH('(select \r\n     ...', ' ( select \r\n   ...', '( select \r\n    ...', '( select \r\n    ...', ' 2', 't1', 't2', 't3', 't4')
#5 /home/validas1/ci4_core/app/Controllers/DataPpoj.php(55): App\Models\PpojModel->DataPDF(0, 0, 0, 0, ' 2')
#6 /home/validas1/ci4_core/system/CodeIgniter.php(932): App\Controllers\DataPpoj->DetailPpoj(' 2')
#7 /home/validas1/ci4_core/system/CodeIgniter.php(497): CodeIgniter\CodeIgniter->runController(Object(App\Controllers\DataPpoj))
#8 /home/validas1/ci4_core/system/CodeIgniter.php(366): CodeIgniter\CodeIgniter->handleRequest(NULL, Object(Config\Cache), false)
#9 /home/validas1/ereport.validasickr.my.id/index.php(79): CodeIgniter\CodeIgniter->run()
#10 {main}
CRITICAL - 2024-05-02 07:27:53 --> Table 'validas1_ehm_report.SUHU' doesn't exist
in SYSTEMPATH/Database/MySQLi/Connection.php on line 295.
 1 SYSTEMPATH/Database/MySQLi/Connection.php(295): mysqli->query('SELECT 		 
        DAP.KELAS,
        DAP.ID ID_PPOJ,
        t1.SUHU_MIN, 
        t1.SUHU_MAX, 
        t2.RH_MIN, 
        t2.RH_MAX,
        t3.HASIL_TPC CAPAR_TPC,
        t3.HASIL_KK CAPAR_KK,
        t4.HASIL_TPC MIKRO_TPC,
        t4.HASIL_KK MIKRO_KK
    FROM 
    data_awal_ppoj DAP 
    LEFT JOIN 
    (select 
      ID_PPOJ, 
      ROW_NUMBER() over (partition by ID_PPOJ order by SUHU_MIN) as rn, 
      SUHU_MIN, 
      SUHU_MAX 
    from 
      SUHU ) t1 ON DAP.id = t1.ID_PPOJ left join 
     ( select 
      ID_PPOJ, 
      ROW_NUMBER() over (partition by ID_PPOJ order by RH_MIN) as rn, 
      RH_MIN, 
      RH_MAX 
    from RH ) t2 on DAP.id = t2.ID_PPOJ   and t1.rn = t2.rn LEFT join 
    ( select 
      ID_PPOJ, 
      ROW_NUMBER() over (partition by ID_PPOJ order by HASIL_TPC) as rn, 
      HASIL_TPC, 
      HASIL_KK 
    from mikro_capar ) t3 ON DAP.id = t3.id_ppoj AND t2.rn = t3.rn left JOIN
    ( select 
      ID_PPOJ, 
      ROW_NUMBER() over (partition by ID_PPOJ order by HASIL_TPC) as rn, 
      HASIL_TPC, 
      HASIL_KK 
    from mikro_volumetrik ) t4 ON DAP.id = t4.id_ppoj AND t3.rn = t4.rn
      
      WHERE 
        DAP.id = 2;
      ', 0)
 2 SYSTEMPATH/Database/BaseConnection.php(692): CodeIgniter\Database\MySQLi\Connection->execute('SELECT 		 
        DAP.KELAS,
        DAP.ID ID_PPOJ,
        t1.SUHU_MIN, 
        t1.SUHU_MAX, 
        t2.RH_MIN, 
        t2.RH_MAX,
        t3.HASIL_TPC CAPAR_TPC,
        t3.HASIL_KK CAPAR_KK,
        t4.HASIL_TPC MIKRO_TPC,
        t4.HASIL_KK MIKRO_KK
    FROM 
    data_awal_ppoj DAP 
    LEFT JOIN 
    (select 
      ID_PPOJ, 
      ROW_NUMBER() over (partition by ID_PPOJ order by SUHU_MIN) as rn, 
      SUHU_MIN, 
      SUHU_MAX 
    from 
      SUHU ) t1 ON DAP.id = t1.ID_PPOJ left join 
     ( select 
      ID_PPOJ, 
      ROW_NUMBER() over (partition by ID_PPOJ order by RH_MIN) as rn, 
      RH_MIN, 
      RH_MAX 
    from RH ) t2 on DAP.id = t2.ID_PPOJ   and t1.rn = t2.rn LEFT join 
    ( select 
      ID_PPOJ, 
      ROW_NUMBER() over (partition by ID_PPOJ order by HASIL_TPC) as rn, 
      HASIL_TPC, 
      HASIL_KK 
    from mikro_capar ) t3 ON DAP.id = t3.id_ppoj AND t2.rn = t3.rn left JOIN
    ( select 
      ID_PPOJ, 
      ROW_NUMBER() over (partition by ID_PPOJ order by HASIL_TPC) as rn, 
      HASIL_TPC, 
      HASIL_KK 
    from mikro_volumetrik ) t4 ON DAP.id = t4.id_ppoj AND t3.rn = t4.rn
      
      WHERE 
        DAP.id = 2;
      ')
 3 SYSTEMPATH/Database/BaseConnection.php(606): CodeIgniter\Database\BaseConnection->simpleQuery('SELECT 		 
        DAP.KELAS,
        DAP.ID ID_PPOJ,
        t1.SUHU_MIN, 
        t1.SUHU_MAX, 
        t2.RH_MIN, 
        t2.RH_MAX,
        t3.HASIL_TPC CAPAR_TPC,
        t3.HASIL_KK CAPAR_KK,
        t4.HASIL_TPC MIKRO_TPC,
        t4.HASIL_KK MIKRO_KK
    FROM 
    data_awal_ppoj DAP 
    LEFT JOIN 
    (select 
      ID_PPOJ, 
      ROW_NUMBER() over (partition by ID_PPOJ order by SUHU_MIN) as rn, 
      SUHU_MIN, 
      SUHU_MAX 
    from 
      SUHU ) t1 ON DAP.id = t1.ID_PPOJ left join 
     ( select 
      ID_PPOJ, 
      ROW_NUMBER() over (partition by ID_PPOJ order by RH_MIN) as rn, 
      RH_MIN, 
      RH_MAX 
    from RH ) t2 on DAP.id = t2.ID_PPOJ   and t1.rn = t2.rn LEFT join 
    ( select 
      ID_PPOJ, 
      ROW_NUMBER() over (partition by ID_PPOJ order by HASIL_TPC) as rn, 
      HASIL_TPC, 
      HASIL_KK 
    from mikro_capar ) t3 ON DAP.id = t3.id_ppoj AND t2.rn = t3.rn left JOIN
    ( select 
      ID_PPOJ, 
      ROW_NUMBER() over (partition by ID_PPOJ order by HASIL_TPC) as rn, 
      HASIL_TPC, 
      HASIL_KK 
    from mikro_volumetrik ) t4 ON DAP.id = t4.id_ppoj AND t3.rn = t4.rn
      
      WHERE 
        DAP.id = 2;
      ')
 4 APPPATH/Models/PpojModel.php(373): CodeIgniter\Database\BaseConnection->query('SELECT 		 
        DAP.KELAS,
        DAP.ID ID_PPOJ,
        t1.SUHU_MIN, 
        t1.SUHU_MAX, 
        t2.RH_MIN, 
        t2.RH_MAX,
        t3.HASIL_TPC CAPAR_TPC,
        t3.HASIL_KK CAPAR_KK,
        t4.HASIL_TPC MIKRO_TPC,
        t4.HASIL_KK MIKRO_KK
    FROM 
    data_awal_ppoj DAP 
    LEFT JOIN 
    (select 
      ID_PPOJ, 
      ROW_NUMBER() over (partition by ID_PPOJ order by SUHU_MIN) as rn, 
      SUHU_MIN, 
      SUHU_MAX 
    from 
      SUHU ) t1 ON DAP.id = t1.ID_PPOJ left join 
     ( select 
      ID_PPOJ, 
      ROW_NUMBER() over (partition by ID_PPOJ order by RH_MIN) as rn, 
      RH_MIN, 
      RH_MAX 
    from RH ) t2 on DAP.id = t2.ID_PPOJ   and t1.rn = t2.rn LEFT join 
    ( select 
      ID_PPOJ, 
      ROW_NUMBER() over (partition by ID_PPOJ order by HASIL_TPC) as rn, 
      HASIL_TPC, 
      HASIL_KK 
    from mikro_capar ) t3 ON DAP.id = t3.id_ppoj AND t2.rn = t3.rn left JOIN
    ( select 
      ID_PPOJ, 
      ROW_NUMBER() over (partition by ID_PPOJ order by HASIL_TPC) as rn, 
      HASIL_TPC, 
      HASIL_KK 
    from mikro_volumetrik ) t4 ON DAP.id = t4.id_ppoj AND t3.rn = t4.rn
      
      WHERE 
        DAP.id = 2;
      ')
 5 APPPATH/Models/PpojModel.php(344): App\Models\PpojModel->DataSuhuRH('(select 
      ID_PPOJ, 
      ROW_NUMBER() over (partition by ID_PPOJ order by SUHU_MIN) as rn, 
      SUHU_MIN, 
      SUHU_MAX 
    from 
      SUHU )', ' ( select 
      ID_PPOJ, 
      ROW_NUMBER() over (partition by ID_PPOJ order by RH_MIN) as rn, 
      RH_MIN, 
      RH_MAX 
    from RH )', '( select 
      ID_PPOJ, 
      ROW_NUMBER() over (partition by ID_PPOJ order by HASIL_TPC) as rn, 
      HASIL_TPC, 
      HASIL_KK 
    from mikro_capar )', '( select 
      ID_PPOJ, 
      ROW_NUMBER() over (partition by ID_PPOJ order by HASIL_TPC) as rn, 
      HASIL_TPC, 
      HASIL_KK 
    from mikro_volumetrik )', ' 2', 't1', 't2', 't3', 't4')
 6 APPPATH/Controllers/DataPpoj.php(55): App\Models\PpojModel->DataPDF(0, 0, 0, 0, ' 2')
 7 SYSTEMPATH/CodeIgniter.php(932): App\Controllers\DataPpoj->DetailPpoj(' 2')
 8 SYSTEMPATH/CodeIgniter.php(497): CodeIgniter\CodeIgniter->runController(Object(App\Controllers\DataPpoj))
 9 SYSTEMPATH/CodeIgniter.php(366): CodeIgniter\CodeIgniter->handleRequest(null, Object(Config\Cache), false)
10 FCPATH/index.php(79): CodeIgniter\CodeIgniter->run()
INFO - 2024-05-02 07:29:14 --> Session: Class initialized using 'CodeIgniter\Session\Handlers\FileHandler' driver.
INFO - 2024-05-02 07:29:16 --> Session: Class initialized using 'CodeIgniter\Session\Handlers\FileHandler' driver.
ERROR - 2024-05-02 07:29:16 --> mysqli_sql_exception: Table 'validas1_ehm_report.SUHU' doesn't exist in /home/validas1/ci4_core/system/Database/MySQLi/Connection.php:295
Stack trace:
#0 /home/validas1/ci4_core/system/Database/MySQLi/Connection.php(295): mysqli->query('SELECT \t\t \r\n   ...', 0)
#1 /home/validas1/ci4_core/system/Database/BaseConnection.php(692): CodeIgniter\Database\MySQLi\Connection->execute('SELECT \t\t \r\n   ...')
#2 /home/validas1/ci4_core/system/Database/BaseConnection.php(606): CodeIgniter\Database\BaseConnection->simpleQuery('SELECT \t\t \r\n   ...')
#3 /home/validas1/ci4_core/app/Models/PpojModel.php(373): CodeIgniter\Database\BaseConnection->query('SELECT \t\t \r\n   ...')
#4 /home/validas1/ci4_core/app/Models/PpojModel.php(344): App\Models\PpojModel->DataSuhuRH('(select \r\n     ...', ' ( select \r\n   ...', '( select \r\n    ...', '( select \r\n    ...', ' 2', 't1', 't2', 't3', 't4')
#5 /home/validas1/ci4_core/app/Controllers/DataPpoj.php(55): App\Models\PpojModel->DataPDF(0, 0, 0, 0, ' 2')
#6 /home/validas1/ci4_core/system/CodeIgniter.php(932): App\Controllers\DataPpoj->DetailPpoj(' 2')
#7 /home/validas1/ci4_core/system/CodeIgniter.php(497): CodeIgniter\CodeIgniter->runController(Object(App\Controllers\DataPpoj))
#8 /home/validas1/ci4_core/system/CodeIgniter.php(366): CodeIgniter\CodeIgniter->handleRequest(NULL, Object(Config\Cache), false)
#9 /home/validas1/ereport.validasickr.my.id/index.php(79): CodeIgniter\CodeIgniter->run()
#10 {main}
CRITICAL - 2024-05-02 07:29:16 --> Table 'validas1_ehm_report.SUHU' doesn't exist
in SYSTEMPATH/Database/MySQLi/Connection.php on line 295.
 1 SYSTEMPATH/Database/MySQLi/Connection.php(295): mysqli->query('SELECT 		 
        DAP.KELAS,
        DAP.ID ID_PPOJ,
        t1.SUHU_MIN, 
        t1.SUHU_MAX, 
        t2.RH_MIN, 
        t2.RH_MAX,
        t3.HASIL_TPC CAPAR_TPC,
        t3.HASIL_KK CAPAR_KK,
        t4.HASIL_TPC MIKRO_TPC,
        t4.HASIL_KK MIKRO_KK
    FROM 
    data_awal_ppoj DAP 
    LEFT JOIN 
    (select 
      ID_PPOJ, 
      ROW_NUMBER() over (partition by ID_PPOJ order by SUHU_MIN) as rn, 
      SUHU_MIN, 
      SUHU_MAX 
    from 
      SUHU ) t1 ON DAP.id = t1.ID_PPOJ left join 
     ( select 
      ID_PPOJ, 
      ROW_NUMBER() over (partition by ID_PPOJ order by RH_MIN) as rn, 
      RH_MIN, 
      RH_MAX 
    from RH ) t2 on DAP.id = t2.ID_PPOJ   and t1.rn = t2.rn LEFT join 
    ( select 
      ID_PPOJ, 
      ROW_NUMBER() over (partition by ID_PPOJ order by HASIL_TPC) as rn, 
      HASIL_TPC, 
      HASIL_KK 
    from mikro_capar ) t3 ON DAP.id = t3.id_ppoj AND t2.rn = t3.rn left JOIN
    ( select 
      ID_PPOJ, 
      ROW_NUMBER() over (partition by ID_PPOJ order by HASIL_TPC) as rn, 
      HASIL_TPC, 
      HASIL_KK 
    from mikro_volumetrik ) t4 ON DAP.id = t4.id_ppoj AND t3.rn = t4.rn
      
      WHERE 
        DAP.id = 2;
      ', 0)
 2 SYSTEMPATH/Database/BaseConnection.php(692): CodeIgniter\Database\MySQLi\Connection->execute('SELECT 		 
        DAP.KELAS,
        DAP.ID ID_PPOJ,
        t1.SUHU_MIN, 
        t1.SUHU_MAX, 
        t2.RH_MIN, 
        t2.RH_MAX,
        t3.HASIL_TPC CAPAR_TPC,
        t3.HASIL_KK CAPAR_KK,
        t4.HASIL_TPC MIKRO_TPC,
        t4.HASIL_KK MIKRO_KK
    FROM 
    data_awal_ppoj DAP 
    LEFT JOIN 
    (select 
      ID_PPOJ, 
      ROW_NUMBER() over (partition by ID_PPOJ order by SUHU_MIN) as rn, 
      SUHU_MIN, 
      SUHU_MAX 
    from 
      SUHU ) t1 ON DAP.id = t1.ID_PPOJ left join 
     ( select 
      ID_PPOJ, 
      ROW_NUMBER() over (partition by ID_PPOJ order by RH_MIN) as rn, 
      RH_MIN, 
      RH_MAX 
    from RH ) t2 on DAP.id = t2.ID_PPOJ   and t1.rn = t2.rn LEFT join 
    ( select 
      ID_PPOJ, 
      ROW_NUMBER() over (partition by ID_PPOJ order by HASIL_TPC) as rn, 
      HASIL_TPC, 
      HASIL_KK 
    from mikro_capar ) t3 ON DAP.id = t3.id_ppoj AND t2.rn = t3.rn left JOIN
    ( select 
      ID_PPOJ, 
      ROW_NUMBER() over (partition by ID_PPOJ order by HASIL_TPC) as rn, 
      HASIL_TPC, 
      HASIL_KK 
    from mikro_volumetrik ) t4 ON DAP.id = t4.id_ppoj AND t3.rn = t4.rn
      
      WHERE 
        DAP.id = 2;
      ')
 3 SYSTEMPATH/Database/BaseConnection.php(606): CodeIgniter\Database\BaseConnection->simpleQuery('SELECT 		 
        DAP.KELAS,
        DAP.ID ID_PPOJ,
        t1.SUHU_MIN, 
        t1.SUHU_MAX, 
        t2.RH_MIN, 
        t2.RH_MAX,
        t3.HASIL_TPC CAPAR_TPC,
        t3.HASIL_KK CAPAR_KK,
        t4.HASIL_TPC MIKRO_TPC,
        t4.HASIL_KK MIKRO_KK
    FROM 
    data_awal_ppoj DAP 
    LEFT JOIN 
    (select 
      ID_PPOJ, 
      ROW_NUMBER() over (partition by ID_PPOJ order by SUHU_MIN) as rn, 
      SUHU_MIN, 
      SUHU_MAX 
    from 
      SUHU ) t1 ON DAP.id = t1.ID_PPOJ left join 
     ( select 
      ID_PPOJ, 
      ROW_NUMBER() over (partition by ID_PPOJ order by RH_MIN) as rn, 
      RH_MIN, 
      RH_MAX 
    from RH ) t2 on DAP.id = t2.ID_PPOJ   and t1.rn = t2.rn LEFT join 
    ( select 
      ID_PPOJ, 
      ROW_NUMBER() over (partition by ID_PPOJ order by HASIL_TPC) as rn, 
      HASIL_TPC, 
      HASIL_KK 
    from mikro_capar ) t3 ON DAP.id = t3.id_ppoj AND t2.rn = t3.rn left JOIN
    ( select 
      ID_PPOJ, 
      ROW_NUMBER() over (partition by ID_PPOJ order by HASIL_TPC) as rn, 
      HASIL_TPC, 
      HASIL_KK 
    from mikro_volumetrik ) t4 ON DAP.id = t4.id_ppoj AND t3.rn = t4.rn
      
      WHERE 
        DAP.id = 2;
      ')
 4 APPPATH/Models/PpojModel.php(373): CodeIgniter\Database\BaseConnection->query('SELECT 		 
        DAP.KELAS,
        DAP.ID ID_PPOJ,
        t1.SUHU_MIN, 
        t1.SUHU_MAX, 
        t2.RH_MIN, 
        t2.RH_MAX,
        t3.HASIL_TPC CAPAR_TPC,
        t3.HASIL_KK CAPAR_KK,
        t4.HASIL_TPC MIKRO_TPC,
        t4.HASIL_KK MIKRO_KK
    FROM 
    data_awal_ppoj DAP 
    LEFT JOIN 
    (select 
      ID_PPOJ, 
      ROW_NUMBER() over (partition by ID_PPOJ order by SUHU_MIN) as rn, 
      SUHU_MIN, 
      SUHU_MAX 
    from 
      SUHU ) t1 ON DAP.id = t1.ID_PPOJ left join 
     ( select 
      ID_PPOJ, 
      ROW_NUMBER() over (partition by ID_PPOJ order by RH_MIN) as rn, 
      RH_MIN, 
      RH_MAX 
    from RH ) t2 on DAP.id = t2.ID_PPOJ   and t1.rn = t2.rn LEFT join 
    ( select 
      ID_PPOJ, 
      ROW_NUMBER() over (partition by ID_PPOJ order by HASIL_TPC) as rn, 
      HASIL_TPC, 
      HASIL_KK 
    from mikro_capar ) t3 ON DAP.id = t3.id_ppoj AND t2.rn = t3.rn left JOIN
    ( select 
      ID_PPOJ, 
      ROW_NUMBER() over (partition by ID_PPOJ order by HASIL_TPC) as rn, 
      HASIL_TPC, 
      HASIL_KK 
    from mikro_volumetrik ) t4 ON DAP.id = t4.id_ppoj AND t3.rn = t4.rn
      
      WHERE 
        DAP.id = 2;
      ')
 5 APPPATH/Models/PpojModel.php(344): App\Models\PpojModel->DataSuhuRH('(select 
      ID_PPOJ, 
      ROW_NUMBER() over (partition by ID_PPOJ order by SUHU_MIN) as rn, 
      SUHU_MIN, 
      SUHU_MAX 
    from 
      SUHU )', ' ( select 
      ID_PPOJ, 
      ROW_NUMBER() over (partition by ID_PPOJ order by RH_MIN) as rn, 
      RH_MIN, 
      RH_MAX 
    from RH )', '( select 
      ID_PPOJ, 
      ROW_NUMBER() over (partition by ID_PPOJ order by HASIL_TPC) as rn, 
      HASIL_TPC, 
      HASIL_KK 
    from mikro_capar )', '( select 
      ID_PPOJ, 
      ROW_NUMBER() over (partition by ID_PPOJ order by HASIL_TPC) as rn, 
      HASIL_TPC, 
      HASIL_KK 
    from mikro_volumetrik )', ' 2', 't1', 't2', 't3', 't4')
 6 APPPATH/Controllers/DataPpoj.php(55): App\Models\PpojModel->DataPDF(0, 0, 0, 0, ' 2')
 7 SYSTEMPATH/CodeIgniter.php(932): App\Controllers\DataPpoj->DetailPpoj(' 2')
 8 SYSTEMPATH/CodeIgniter.php(497): CodeIgniter\CodeIgniter->runController(Object(App\Controllers\DataPpoj))
 9 SYSTEMPATH/CodeIgniter.php(366): CodeIgniter\CodeIgniter->handleRequest(null, Object(Config\Cache), false)
10 FCPATH/index.php(79): CodeIgniter\CodeIgniter->run()
INFO - 2024-05-02 07:30:10 --> Session: Class initialized using 'CodeIgniter\Session\Handlers\FileHandler' driver.
ERROR - 2024-05-02 07:30:10 --> mysqli_sql_exception: Table 'validas1_ehm_report.RH' doesn't exist in /home/validas1/ci4_core/system/Database/MySQLi/Connection.php:295
Stack trace:
#0 /home/validas1/ci4_core/system/Database/MySQLi/Connection.php(295): mysqli->query('SELECT \t\t \r\n   ...', 0)
#1 /home/validas1/ci4_core/system/Database/BaseConnection.php(692): CodeIgniter\Database\MySQLi\Connection->execute('SELECT \t\t \r\n   ...')
#2 /home/validas1/ci4_core/system/Database/BaseConnection.php(606): CodeIgniter\Database\BaseConnection->simpleQuery('SELECT \t\t \r\n   ...')
#3 /home/validas1/ci4_core/app/Models/PpojModel.php(373): CodeIgniter\Database\BaseConnection->query('SELECT \t\t \r\n   ...')
#4 /home/validas1/ci4_core/app/Models/PpojModel.php(344): App\Models\PpojModel->DataSuhuRH('(select \r\n     ...', ' ( select \r\n   ...', '( select \r\n    ...', '( select \r\n    ...', ' 2', 't1', 't2', 't3', 't4')
#5 /home/validas1/ci4_core/app/Controllers/DataPpoj.php(55): App\Models\PpojModel->DataPDF(0, 0, 0, 0, ' 2')
#6 /home/validas1/ci4_core/system/CodeIgniter.php(932): App\Controllers\DataPpoj->DetailPpoj(' 2')
#7 /home/validas1/ci4_core/system/CodeIgniter.php(497): CodeIgniter\CodeIgniter->runController(Object(App\Controllers\DataPpoj))
#8 /home/validas1/ci4_core/system/CodeIgniter.php(366): CodeIgniter\CodeIgniter->handleRequest(NULL, Object(Config\Cache), false)
#9 /home/validas1/ereport.validasickr.my.id/index.php(79): CodeIgniter\CodeIgniter->run()
#10 {main}
CRITICAL - 2024-05-02 07:30:10 --> Table 'validas1_ehm_report.RH' doesn't exist
in SYSTEMPATH/Database/MySQLi/Connection.php on line 295.
 1 SYSTEMPATH/Database/MySQLi/Connection.php(295): mysqli->query('SELECT 		 
        DAP.KELAS,
        DAP.ID ID_PPOJ,
        t1.SUHU_MIN, 
        t1.SUHU_MAX, 
        t2.RH_MIN, 
        t2.RH_MAX,
        t3.HASIL_TPC CAPAR_TPC,
        t3.HASIL_KK CAPAR_KK,
        t4.HASIL_TPC MIKRO_TPC,
        t4.HASIL_KK MIKRO_KK
    FROM 
    data_awal_ppoj DAP 
    LEFT JOIN 
    (select 
      ID_PPOJ, 
      ROW_NUMBER() over (partition by ID_PPOJ order by SUHU_MIN) as rn, 
      SUHU_MIN, 
      SUHU_MAX 
    from 
      suhu ) t1 ON DAP.id = t1.ID_PPOJ left join 
     ( select 
      ID_PPOJ, 
      ROW_NUMBER() over (partition by ID_PPOJ order by RH_MIN) as rn, 
      RH_MIN, 
      RH_MAX 
    from RH ) t2 on DAP.id = t2.ID_PPOJ   and t1.rn = t2.rn LEFT join 
    ( select 
      ID_PPOJ, 
      ROW_NUMBER() over (partition by ID_PPOJ order by HASIL_TPC) as rn, 
      HASIL_TPC, 
      HASIL_KK 
    from mikro_capar ) t3 ON DAP.id = t3.id_ppoj AND t2.rn = t3.rn left JOIN
    ( select 
      ID_PPOJ, 
      ROW_NUMBER() over (partition by ID_PPOJ order by HASIL_TPC) as rn, 
      HASIL_TPC, 
      HASIL_KK 
    from mikro_volumetrik ) t4 ON DAP.id = t4.id_ppoj AND t3.rn = t4.rn
      
      WHERE 
        DAP.id = 2;
      ', 0)
 2 SYSTEMPATH/Database/BaseConnection.php(692): CodeIgniter\Database\MySQLi\Connection->execute('SELECT 		 
        DAP.KELAS,
        DAP.ID ID_PPOJ,
        t1.SUHU_MIN, 
        t1.SUHU_MAX, 
        t2.RH_MIN, 
        t2.RH_MAX,
        t3.HASIL_TPC CAPAR_TPC,
        t3.HASIL_KK CAPAR_KK,
        t4.HASIL_TPC MIKRO_TPC,
        t4.HASIL_KK MIKRO_KK
    FROM 
    data_awal_ppoj DAP 
    LEFT JOIN 
    (select 
      ID_PPOJ, 
      ROW_NUMBER() over (partition by ID_PPOJ order by SUHU_MIN) as rn, 
      SUHU_MIN, 
      SUHU_MAX 
    from 
      suhu ) t1 ON DAP.id = t1.ID_PPOJ left join 
     ( select 
      ID_PPOJ, 
      ROW_NUMBER() over (partition by ID_PPOJ order by RH_MIN) as rn, 
      RH_MIN, 
      RH_MAX 
    from RH ) t2 on DAP.id = t2.ID_PPOJ   and t1.rn = t2.rn LEFT join 
    ( select 
      ID_PPOJ, 
      ROW_NUMBER() over (partition by ID_PPOJ order by HASIL_TPC) as rn, 
      HASIL_TPC, 
      HASIL_KK 
    from mikro_capar ) t3 ON DAP.id = t3.id_ppoj AND t2.rn = t3.rn left JOIN
    ( select 
      ID_PPOJ, 
      ROW_NUMBER() over (partition by ID_PPOJ order by HASIL_TPC) as rn, 
      HASIL_TPC, 
      HASIL_KK 
    from mikro_volumetrik ) t4 ON DAP.id = t4.id_ppoj AND t3.rn = t4.rn
      
      WHERE 
        DAP.id = 2;
      ')
 3 SYSTEMPATH/Database/BaseConnection.php(606): CodeIgniter\Database\BaseConnection->simpleQuery('SELECT 		 
        DAP.KELAS,
        DAP.ID ID_PPOJ,
        t1.SUHU_MIN, 
        t1.SUHU_MAX, 
        t2.RH_MIN, 
        t2.RH_MAX,
        t3.HASIL_TPC CAPAR_TPC,
        t3.HASIL_KK CAPAR_KK,
        t4.HASIL_TPC MIKRO_TPC,
        t4.HASIL_KK MIKRO_KK
    FROM 
    data_awal_ppoj DAP 
    LEFT JOIN 
    (select 
      ID_PPOJ, 
      ROW_NUMBER() over (partition by ID_PPOJ order by SUHU_MIN) as rn, 
      SUHU_MIN, 
      SUHU_MAX 
    from 
      suhu ) t1 ON DAP.id = t1.ID_PPOJ left join 
     ( select 
      ID_PPOJ, 
      ROW_NUMBER() over (partition by ID_PPOJ order by RH_MIN) as rn, 
      RH_MIN, 
      RH_MAX 
    from RH ) t2 on DAP.id = t2.ID_PPOJ   and t1.rn = t2.rn LEFT join 
    ( select 
      ID_PPOJ, 
      ROW_NUMBER() over (partition by ID_PPOJ order by HASIL_TPC) as rn, 
      HASIL_TPC, 
      HASIL_KK 
    from mikro_capar ) t3 ON DAP.id = t3.id_ppoj AND t2.rn = t3.rn left JOIN
    ( select 
      ID_PPOJ, 
      ROW_NUMBER() over (partition by ID_PPOJ order by HASIL_TPC) as rn, 
      HASIL_TPC, 
      HASIL_KK 
    from mikro_volumetrik ) t4 ON DAP.id = t4.id_ppoj AND t3.rn = t4.rn
      
      WHERE 
        DAP.id = 2;
      ')
 4 APPPATH/Models/PpojModel.php(373): CodeIgniter\Database\BaseConnection->query('SELECT 		 
        DAP.KELAS,
        DAP.ID ID_PPOJ,
        t1.SUHU_MIN, 
        t1.SUHU_MAX, 
        t2.RH_MIN, 
        t2.RH_MAX,
        t3.HASIL_TPC CAPAR_TPC,
        t3.HASIL_KK CAPAR_KK,
        t4.HASIL_TPC MIKRO_TPC,
        t4.HASIL_KK MIKRO_KK
    FROM 
    data_awal_ppoj DAP 
    LEFT JOIN 
    (select 
      ID_PPOJ, 
      ROW_NUMBER() over (partition by ID_PPOJ order by SUHU_MIN) as rn, 
      SUHU_MIN, 
      SUHU_MAX 
    from 
      suhu ) t1 ON DAP.id = t1.ID_PPOJ left join 
     ( select 
      ID_PPOJ, 
      ROW_NUMBER() over (partition by ID_PPOJ order by RH_MIN) as rn, 
      RH_MIN, 
      RH_MAX 
    from RH ) t2 on DAP.id = t2.ID_PPOJ   and t1.rn = t2.rn LEFT join 
    ( select 
      ID_PPOJ, 
      ROW_NUMBER() over (partition by ID_PPOJ order by HASIL_TPC) as rn, 
      HASIL_TPC, 
      HASIL_KK 
    from mikro_capar ) t3 ON DAP.id = t3.id_ppoj AND t2.rn = t3.rn left JOIN
    ( select 
      ID_PPOJ, 
      ROW_NUMBER() over (partition by ID_PPOJ order by HASIL_TPC) as rn, 
      HASIL_TPC, 
      HASIL_KK 
    from mikro_volumetrik ) t4 ON DAP.id = t4.id_ppoj AND t3.rn = t4.rn
      
      WHERE 
        DAP.id = 2;
      ')
 5 APPPATH/Models/PpojModel.php(344): App\Models\PpojModel->DataSuhuRH('(select 
      ID_PPOJ, 
      ROW_NUMBER() over (partition by ID_PPOJ order by SUHU_MIN) as rn, 
      SUHU_MIN, 
      SUHU_MAX 
    from 
      suhu )', ' ( select 
      ID_PPOJ, 
      ROW_NUMBER() over (partition by ID_PPOJ order by RH_MIN) as rn, 
      RH_MIN, 
      RH_MAX 
    from RH )', '( select 
      ID_PPOJ, 
      ROW_NUMBER() over (partition by ID_PPOJ order by HASIL_TPC) as rn, 
      HASIL_TPC, 
      HASIL_KK 
    from mikro_capar )', '( select 
      ID_PPOJ, 
      ROW_NUMBER() over (partition by ID_PPOJ order by HASIL_TPC) as rn, 
      HASIL_TPC, 
      HASIL_KK 
    from mikro_volumetrik )', ' 2', 't1', 't2', 't3', 't4')
 6 APPPATH/Controllers/DataPpoj.php(55): App\Models\PpojModel->DataPDF(0, 0, 0, 0, ' 2')
 7 SYSTEMPATH/CodeIgniter.php(932): App\Controllers\DataPpoj->DetailPpoj(' 2')
 8 SYSTEMPATH/CodeIgniter.php(497): CodeIgniter\CodeIgniter->runController(Object(App\Controllers\DataPpoj))
 9 SYSTEMPATH/CodeIgniter.php(366): CodeIgniter\CodeIgniter->handleRequest(null, Object(Config\Cache), false)
10 FCPATH/index.php(79): CodeIgniter\CodeIgniter->run()
INFO - 2024-05-02 07:30:34 --> Session: Class initialized using 'CodeIgniter\Session\Handlers\FileHandler' driver.
INFO - 2024-05-02 07:30:58 --> Session: Class initialized using 'CodeIgniter\Session\Handlers\FileHandler' driver.
INFO - 2024-05-02 07:31:02 --> Session: Class initialized using 'CodeIgniter\Session\Handlers\FileHandler' driver.
INFO - 2024-05-02 07:31:04 --> Session: Class initialized using 'CodeIgniter\Session\Handlers\FileHandler' driver.
INFO - 2024-05-02 07:31:06 --> Session: Class initialized using 'CodeIgniter\Session\Handlers\FileHandler' driver.
INFO - 2024-05-02 07:31:10 --> Session: Class initialized using 'CodeIgniter\Session\Handlers\FileHandler' driver.
INFO - 2024-05-02 07:31:19 --> Session: Class initialized using 'CodeIgniter\Session\Handlers\FileHandler' driver.
INFO - 2024-05-02 07:31:20 --> Session: Class initialized using 'CodeIgniter\Session\Handlers\FileHandler' driver.
INFO - 2024-05-02 07:31:22 --> Session: Class initialized using 'CodeIgniter\Session\Handlers\FileHandler' driver.
INFO - 2024-05-02 07:31:24 --> Session: Class initialized using 'CodeIgniter\Session\Handlers\FileHandler' driver.
INFO - 2024-05-02 07:31:25 --> Session: Class initialized using 'CodeIgniter\Session\Handlers\FileHandler' driver.
INFO - 2024-05-02 07:31:52 --> Session: Class initialized using 'CodeIgniter\Session\Handlers\FileHandler' driver.
INFO - 2024-05-02 07:31:57 --> Session: Class initialized using 'CodeIgniter\Session\Handlers\FileHandler' driver.
INFO - 2024-05-02 07:31:59 --> Session: Class initialized using 'CodeIgniter\Session\Handlers\FileHandler' driver.
INFO - 2024-05-02 07:32:04 --> Session: Class initialized using 'CodeIgniter\Session\Handlers\FileHandler' driver.
INFO - 2024-05-02 07:32:06 --> Session: Class initialized using 'CodeIgniter\Session\Handlers\FileHandler' driver.
INFO - 2024-05-02 07:32:08 --> Session: Class initialized using 'CodeIgniter\Session\Handlers\FileHandler' driver.
INFO - 2024-05-02 07:32:10 --> Session: Class initialized using 'CodeIgniter\Session\Handlers\FileHandler' driver.
INFO - 2024-05-02 07:32:11 --> Session: Class initialized using 'CodeIgniter\Session\Handlers\FileHandler' driver.
INFO - 2024-05-02 07:32:12 --> Session: Class initialized using 'CodeIgniter\Session\Handlers\FileHandler' driver.
INFO - 2024-05-02 07:32:13 --> Session: Class initialized using 'CodeIgniter\Session\Handlers\FileHandler' driver.
INFO - 2024-05-02 07:32:15 --> Session: Class initialized using 'CodeIgniter\Session\Handlers\FileHandler' driver.
INFO - 2024-05-02 07:32:17 --> Session: Class initialized using 'CodeIgniter\Session\Handlers\FileHandler' driver.
INFO - 2024-05-02 08:11:01 --> Session: Class initialized using 'CodeIgniter\Session\Handlers\FileHandler' driver.
INFO - 2024-05-02 09:05:55 --> Session: Class initialized using 'CodeIgniter\Session\Handlers\FileHandler' driver.
INFO - 2024-05-02 09:05:56 --> Session: Class initialized using 'CodeIgniter\Session\Handlers\FileHandler' driver.
INFO - 2024-05-02 09:27:49 --> Session: Class initialized using 'CodeIgniter\Session\Handlers\FileHandler' driver.
INFO - 2024-05-02 09:27:50 --> Session: Class initialized using 'CodeIgniter\Session\Handlers\FileHandler' driver.
INFO - 2024-05-02 09:27:51 --> Session: Class initialized using 'CodeIgniter\Session\Handlers\FileHandler' driver.
INFO - 2024-05-02 09:27:52 --> Session: Class initialized using 'CodeIgniter\Session\Handlers\FileHandler' driver.
INFO - 2024-05-02 09:27:54 --> Session: Class initialized using 'CodeIgniter\Session\Handlers\FileHandler' driver.
INFO - 2024-05-02 09:33:49 --> Session: Class initialized using 'CodeIgniter\Session\Handlers\FileHandler' driver.
INFO - 2024-05-02 09:33:51 --> Session: Class initialized using 'CodeIgniter\Session\Handlers\FileHandler' driver.
INFO - 2024-05-02 09:33:53 --> Session: Class initialized using 'CodeIgniter\Session\Handlers\FileHandler' driver.
INFO - 2024-05-02 09:33:55 --> Session: Class initialized using 'CodeIgniter\Session\Handlers\FileHandler' driver.
INFO - 2024-05-02 09:34:40 --> Session: Class initialized using 'CodeIgniter\Session\Handlers\FileHandler' driver.
INFO - 2024-05-02 09:34:42 --> Session: Class initialized using 'CodeIgniter\Session\Handlers\FileHandler' driver.
INFO - 2024-05-02 09:34:44 --> Session: Class initialized using 'CodeIgniter\Session\Handlers\FileHandler' driver.
INFO - 2024-05-02 09:36:34 --> Session: Class initialized using 'CodeIgniter\Session\Handlers\FileHandler' driver.
INFO - 2024-05-02 19:23:08 --> Session: Class initialized using 'CodeIgniter\Session\Handlers\FileHandler' driver.
INFO - 2024-05-02 19:23:08 --> Session: Class initialized using 'CodeIgniter\Session\Handlers\FileHandler' driver.
INFO - 2024-05-02 23:33:38 --> Session: Class initialized using 'CodeIgniter\Session\Handlers\FileHandler' driver.
INFO - 2024-05-02 23:33:40 --> Session: Class initialized using 'CodeIgniter\Session\Handlers\FileHandler' driver.
INFO - 2024-05-02 23:33:52 --> Session: Class initialized using 'CodeIgniter\Session\Handlers\FileHandler' driver.
INFO - 2024-05-02 23:34:30 --> Session: Class initialized using 'CodeIgniter\Session\Handlers\FileHandler' driver.
INFO - 2024-05-02 23:34:34 --> Session: Class initialized using 'CodeIgniter\Session\Handlers\FileHandler' driver.
INFO - 2024-05-02 23:34:49 --> Session: Class initialized using 'CodeIgniter\Session\Handlers\FileHandler' driver.
INFO - 2024-05-02 23:34:56 --> Session: Class initialized using 'CodeIgniter\Session\Handlers\FileHandler' driver.
INFO - 2024-05-02 23:35:24 --> Session: Class initialized using 'CodeIgniter\Session\Handlers\FileHandler' driver.
INFO - 2024-05-02 23:37:20 --> Session: Class initialized using 'CodeIgniter\Session\Handlers\FileHandler' driver.
INFO - 2024-05-02 23:37:41 --> Session: Class initialized using 'CodeIgniter\Session\Handlers\FileHandler' driver.
INFO - 2024-05-02 23:37:54 --> Session: Class initialized using 'CodeIgniter\Session\Handlers\FileHandler' driver.
INFO - 2024-05-02 23:37:58 --> Session: Class initialized using 'CodeIgniter\Session\Handlers\FileHandler' driver.
INFO - 2024-05-02 23:42:00 --> Session: Class initialized using 'CodeIgniter\Session\Handlers\FileHandler' driver.
INFO - 2024-05-02 23:42:04 --> Session: Class initialized using 'CodeIgniter\Session\Handlers\FileHandler' driver.
INFO - 2024-05-02 23:43:11 --> Session: Class initialized using 'CodeIgniter\Session\Handlers\FileHandler' driver.
INFO - 2024-05-02 23:47:08 --> Session: Class initialized using 'CodeIgniter\Session\Handlers\FileHandler' driver.
INFO - 2024-05-02 23:47:41 --> Session: Class initialized using 'CodeIgniter\Session\Handlers\FileHandler' driver.
INFO - 2024-05-02 23:48:32 --> Session: Class initialized using 'CodeIgniter\Session\Handlers\FileHandler' driver.
INFO - 2024-05-02 23:49:54 --> Session: Class initialized using 'CodeIgniter\Session\Handlers\FileHandler' driver.
INFO - 2024-05-02 23:51:07 --> Session: Class initialized using 'CodeIgniter\Session\Handlers\FileHandler' driver.
INFO - 2024-05-02 23:51:12 --> Session: Class initialized using 'CodeIgniter\Session\Handlers\FileHandler' driver.
INFO - 2024-05-02 23:58:47 --> Session: Class initialized using 'CodeIgniter\Session\Handlers\FileHandler' driver.
INFO - 2024-05-02 23:58:47 --> Session: Class initialized using 'CodeIgniter\Session\Handlers\FileHandler' driver.
INFO - 2024-05-02 23:58:47 --> Session: Class initialized using 'CodeIgniter\Session\Handlers\FileHandler' driver.
INFO - 2024-05-02 23:59:02 --> Session: Class initialized using 'CodeIgniter\Session\Handlers\FileHandler' driver.
INFO - 2024-05-02 23:59:04 --> Session: Class initialized using 'CodeIgniter\Session\Handlers\FileHandler' driver.
INFO - 2024-05-02 23:59:04 --> Session: Class initialized using 'CodeIgniter\Session\Handlers\FileHandler' driver.
